Archive member included to satisfy reference by file (symbol)

c:/st/stm32cubeide_1.4.0/stm32cubeide/plugins/com.st.stm32cube.ide.mcu.externaltools.gnu-tools-for-stm32.9-2020-q2-update.win32_2.0.0.202105311346/tools/bin/../lib/gcc/arm-none-eabi/9.3.1/../../../../arm-none-eabi/lib/thumb/v7e-m+fp/hard\libc_nano.a(lib_a-errno.o)
                              ./Core/Src/syscalls.o (__errno)
c:/st/stm32cubeide_1.4.0/stm32cubeide/plugins/com.st.stm32cube.ide.mcu.externaltools.gnu-tools-for-stm32.9-2020-q2-update.win32_2.0.0.202105311346/tools/bin/../lib/gcc/arm-none-eabi/9.3.1/../../../../arm-none-eabi/lib/thumb/v7e-m+fp/hard\libc_nano.a(lib_a-exit.o)
                              c:/st/stm32cubeide_1.4.0/stm32cubeide/plugins/com.st.stm32cube.ide.mcu.externaltools.gnu-tools-for-stm32.9-2020-q2-update.win32_2.0.0.202105311346/tools/bin/../lib/gcc/arm-none-eabi/9.3.1/../../../../arm-none-eabi/lib/thumb/v7e-m+fp/hard/crt0.o (exit)
c:/st/stm32cubeide_1.4.0/stm32cubeide/plugins/com.st.stm32cube.ide.mcu.externaltools.gnu-tools-for-stm32.9-2020-q2-update.win32_2.0.0.202105311346/tools/bin/../lib/gcc/arm-none-eabi/9.3.1/../../../../arm-none-eabi/lib/thumb/v7e-m+fp/hard\libc_nano.a(lib_a-impure.o)
                              c:/st/stm32cubeide_1.4.0/stm32cubeide/plugins/com.st.stm32cube.ide.mcu.externaltools.gnu-tools-for-stm32.9-2020-q2-update.win32_2.0.0.202105311346/tools/bin/../lib/gcc/arm-none-eabi/9.3.1/../../../../arm-none-eabi/lib/thumb/v7e-m+fp/hard\libc_nano.a(lib_a-exit.o) (_global_impure_ptr)
c:/st/stm32cubeide_1.4.0/stm32cubeide/plugins/com.st.stm32cube.ide.mcu.externaltools.gnu-tools-for-stm32.9-2020-q2-update.win32_2.0.0.202105311346/tools/bin/../lib/gcc/arm-none-eabi/9.3.1/../../../../arm-none-eabi/lib/thumb/v7e-m+fp/hard\libc_nano.a(lib_a-init.o)
                              c:/st/stm32cubeide_1.4.0/stm32cubeide/plugins/com.st.stm32cube.ide.mcu.externaltools.gnu-tools-for-stm32.9-2020-q2-update.win32_2.0.0.202105311346/tools/bin/../lib/gcc/arm-none-eabi/9.3.1/../../../../arm-none-eabi/lib/thumb/v7e-m+fp/hard/crt0.o (__libc_init_array)
c:/st/stm32cubeide_1.4.0/stm32cubeide/plugins/com.st.stm32cube.ide.mcu.externaltools.gnu-tools-for-stm32.9-2020-q2-update.win32_2.0.0.202105311346/tools/bin/../lib/gcc/arm-none-eabi/9.3.1/../../../../arm-none-eabi/lib/thumb/v7e-m+fp/hard\libc_nano.a(lib_a-memset.o)
                              c:/st/stm32cubeide_1.4.0/stm32cubeide/plugins/com.st.stm32cube.ide.mcu.externaltools.gnu-tools-for-stm32.9-2020-q2-update.win32_2.0.0.202105311346/tools/bin/../lib/gcc/arm-none-eabi/9.3.1/../../../../arm-none-eabi/lib/thumb/v7e-m+fp/hard/crt0.o (memset)
c:/st/stm32cubeide_1.4.0/stm32cubeide/plugins/com.st.stm32cube.ide.mcu.externaltools.gnu-tools-for-stm32.9-2020-q2-update.win32_2.0.0.202105311346/tools/bin/../lib/gcc/arm-none-eabi/9.3.1/../../../../arm-none-eabi/lib/thumb/v7e-m+fp/hard\libc_nano.a(lib_a-sprintf.o)
                              ./Core/Src/main.o (sprintf)
c:/st/stm32cubeide_1.4.0/stm32cubeide/plugins/com.st.stm32cube.ide.mcu.externaltools.gnu-tools-for-stm32.9-2020-q2-update.win32_2.0.0.202105311346/tools/bin/../lib/gcc/arm-none-eabi/9.3.1/../../../../arm-none-eabi/lib/thumb/v7e-m+fp/hard\libc_nano.a(lib_a-nano-svfprintf.o)
                              c:/st/stm32cubeide_1.4.0/stm32cubeide/plugins/com.st.stm32cube.ide.mcu.externaltools.gnu-tools-for-stm32.9-2020-q2-update.win32_2.0.0.202105311346/tools/bin/../lib/gcc/arm-none-eabi/9.3.1/../../../../arm-none-eabi/lib/thumb/v7e-m+fp/hard\libc_nano.a(lib_a-sprintf.o) (_svfprintf_r)
c:/st/stm32cubeide_1.4.0/stm32cubeide/plugins/com.st.stm32cube.ide.mcu.externaltools.gnu-tools-for-stm32.9-2020-q2-update.win32_2.0.0.202105311346/tools/bin/../lib/gcc/arm-none-eabi/9.3.1/../../../../arm-none-eabi/lib/thumb/v7e-m+fp/hard\libc_nano.a(lib_a-nano-vfprintf_i.o)
                              c:/st/stm32cubeide_1.4.0/stm32cubeide/plugins/com.st.stm32cube.ide.mcu.externaltools.gnu-tools-for-stm32.9-2020-q2-update.win32_2.0.0.202105311346/tools/bin/../lib/gcc/arm-none-eabi/9.3.1/../../../../arm-none-eabi/lib/thumb/v7e-m+fp/hard\libc_nano.a(lib_a-nano-svfprintf.o) (_printf_i)
c:/st/stm32cubeide_1.4.0/stm32cubeide/plugins/com.st.stm32cube.ide.mcu.externaltools.gnu-tools-for-stm32.9-2020-q2-update.win32_2.0.0.202105311346/tools/bin/../lib/gcc/arm-none-eabi/9.3.1/../../../../arm-none-eabi/lib/thumb/v7e-m+fp/hard\libc_nano.a(lib_a-memchr.o)
                              c:/st/stm32cubeide_1.4.0/stm32cubeide/plugins/com.st.stm32cube.ide.mcu.externaltools.gnu-tools-for-stm32.9-2020-q2-update.win32_2.0.0.202105311346/tools/bin/../lib/gcc/arm-none-eabi/9.3.1/../../../../arm-none-eabi/lib/thumb/v7e-m+fp/hard\libc_nano.a(lib_a-nano-svfprintf.o) (memchr)
c:/st/stm32cubeide_1.4.0/stm32cubeide/plugins/com.st.stm32cube.ide.mcu.externaltools.gnu-tools-for-stm32.9-2020-q2-update.win32_2.0.0.202105311346/tools/bin/../lib/gcc/arm-none-eabi/9.3.1/../../../../arm-none-eabi/lib/thumb/v7e-m+fp/hard\libc_nano.a(lib_a-memcpy-stub.o)
[...]
Memory Configuration

Name             Origin             Length             Attributes
RAM              0x0000000020000000 0x0000000000020000 xrw
FLASH            0x0000000008000000 0x0000000000080000 xr
*default*        0x0000000000000000 0xffffffffffffffff

Linker script and memory map

LOAD c:/st/stm32cubeide_1.4.0/stm32cubeide/plugins/com.st.stm32cube.ide.mcu.externaltools.gnu-tools-for-stm32.9-2020-q2-update.win32_2.0.0.202105311346/tools/bin/../lib/gcc/arm-none-eabi/9.3.1/thumb/v7e-m+fp/hard/crti.o
LOAD c:/st/stm32cubeide_1.4.0/stm32cubeide/plugins/com.st.stm32cube.ide.mcu.externaltools.gnu-tools-for-stm32.9-2020-q2-update.win32_2.0.0.202105311346/tools/bin/../lib/gcc/arm-none-eabi/9.3.1/thumb/v7e-m+fp/hard/crtbegin.o
LOAD c:/st/stm32cubeide_1.4.0/stm32cubeide/plugins/com.st.stm32cube.ide.mcu.externaltools.gnu-tools-for-stm32.9-2020-q2-update.win32_2.0.0.202105311346/tools/bin/../lib/gcc/arm-none-eabi/9.3.1/../../../../arm-none-eabi/lib/thumb/v7e-m+fp/hard/crt0.o
LOAD ./Core/Src/fonts.o
LOAD ./Core/Src/main.o
LOAD ./Core/Src/stm32f4xx_hal_msp.o
LOAD ./Core/Src/stm32f4xx_it.o
LOAD ./Core/Src/syscalls.o
LOAD ./Core/Src/sysmem.o
LOAD ./Core/Src/system_stm32f4xx.o
LOAD ./Core/Src/tft.o
LOAD ./Core/Startup/startup_stm32f446retx.o
LOAD ./Drivers/STM32F4xx_HAL_Driver/Src/stm32f4xx_hal.o
LOAD ./Drivers/STM32F4xx_HAL_Driver/Src/stm32f4xx_hal_cortex.o
LOAD ./Drivers/STM32F4xx_HAL_Driver/Src/stm32f4xx_hal_dma.o
LOAD ./Drivers/STM32F4xx_HAL_Driver/Src/stm32f4xx_hal_dma_ex.o
LOAD ./Drivers/STM32F4xx_HAL_Driver/Src/stm32f4xx_hal_exti.o
LOAD ./Drivers/STM32F4xx_HAL_Driver/Src/stm32f4xx_hal_flash.o
LOAD ./Drivers/STM32F4xx_HAL_Driver/Src/stm32f4xx_hal_flash_ex.o
LOAD ./Drivers/STM32F4xx_HAL_Driver/Src/stm32f4xx_hal_flash_ramfunc.o
LOAD ./Drivers/STM32F4xx_HAL_Driver/Src/stm32f4xx_hal_gpio.o
LOAD ./Drivers/STM32F4xx_HAL_Driver/Src/stm32f4xx_hal_pwr.o
LOAD ./Drivers/STM32F4xx_HAL_Driver/Src/stm32f4xx_hal_pwr_ex.o
LOAD ./Drivers/STM32F4xx_HAL_Driver/Src/stm32f4xx_hal_rcc.o
LOAD ./Drivers/STM32F4xx_HAL_Driver/Src/stm32f4xx_hal_rcc_ex.o
LOAD ./Drivers/STM32F4xx_HAL_Driver/Src/stm32f4xx_hal_tim.o
LOAD ./Drivers/STM32F4xx_HAL_Driver/Src/stm32f4xx_hal_tim_ex.o
LOAD ./Drivers/STM32F4xx_HAL_Driver/Src/stm32f4xx_hal_uart.o
START GROUP
LOAD c:/st/stm32cubeide_1.4.0/stm32cubeide/plugins/com.st.stm32cube.ide.mcu.externaltools.gnu-tools-for-stm32.9-2020-q2-update.win32_2.0.0.202105311346/tools/bin/../lib/gcc/arm-none-eabi/9.3.1/../../../../arm-none-eabi/lib/thumb/v7e-m+fp/hard\libc_nano.a
LOAD c:/st/stm32cubeide_1.4.0/stm32cubeide/plugins/com.st.stm32cube.ide.mcu.externaltools.gnu-tools-for-stm32.9-2020-q2-update.win32_2.0.0.202105311346/tools/bin/../lib/gcc/arm-none-eabi/9.3.1/../../../../arm-none-eabi/lib/thumb/v7e-m+fp/hard\libm.a
END GROUP
START GROUP
LOAD c:/st/stm32cubeide_1.4.0/stm32cubeide/plugins/com.st.stm32cube.ide.mcu.externaltools.gnu-tools-for-stm32.9-2020-q2-update.win32_2.0.0.202105311346/tools/bin/../lib/gcc/arm-none-eabi/9.3.1/thumb/v7e-m+fp/hard\libgcc.a
LOAD c:/st/stm32cubeide_1.4.0/stm32cubeide/plugins/com.st.stm32cube.ide.mcu.externaltools.gnu-tools-for-stm32.9-2020-q2-update.win32_2.0.0.202105311346/tools/bin/../lib/gcc/arm-none-eabi/9.3.1/../../../../arm-none-eabi/lib/thumb/v7e-m+fp/hard\libc_nano.a
END GROUP
START GROUP
LOAD c:/st/stm32cubeide_1.4.0/stm32cubeide/plugins/com.st.stm32cube.ide.mcu.externaltools.gnu-tools-for-stm32.9-2020-q2-update.win32_2.0.0.202105311346/tools/bin/../lib/gcc/arm-none-eabi/9.3.1/thumb/v7e-m+fp/hard\libgcc.a
LOAD c:/st/stm32cubeide_1.4.0/stm32cubeide/plugins/com.st.stm32cube.ide.mcu.externaltools.gnu-tools-for-stm32.9-2020-q2-update.win32_2.0.0.202105311346/tools/bin/../lib/gcc/arm-none-eabi/9.3.1/../../../../arm-none-eabi/lib/thumb/v7e-m+fp/hard\libc_nano.a
LOAD c:/st/stm32cubeide_1.4.0/stm32cubeide/plugins/com.st.stm32cube.ide.mcu.externaltools.gnu-tools-for-stm32.9-2020-q2-update.win32_2.0.0.202105311346/tools/bin/../lib/gcc/arm-none-eabi/9.3.1/../../../../arm-none-eabi/lib/thumb/v7e-m+fp/hard\libnosys.a
END GROUP
START GROUP
LOAD c:/st/stm32cubeide_1.4.0/stm32cubeide/plugins/com.st.stm32cube.ide.mcu.externaltools.gnu-tools-for-stm32.9-2020-q2-update.win32_2.0.0.202105311346/tools/bin/../lib/gcc/arm-none-eabi/9.3.1/thumb/v7e-m+fp/hard\libgcc.a
LOAD c:/st/stm32cubeide_1.4.0/stm32cubeide/plugins/com.st.stm32cube.ide.mcu.externaltools.gnu-tools-for-stm32.9-2020-q2-update.win32_2.0.0.202105311346/tools/bin/../lib/gcc/arm-none-eabi/9.3.1/../../../../arm-none-eabi/lib/thumb/v7e-m+fp/hard\libc_nano.a
LOAD c:/st/stm32cubeide_1.4.0/stm32cubeide/plugins/com.st.stm32cube.ide.mcu.externaltools.gnu-tools-for-stm32.9-2020-q2-update.win32_2.0.0.202105311346/tools/bin/../lib/gcc/arm-none-eabi/9.3.1/../../../../arm-none-eabi/lib/thumb/v7e-m+fp/hard\libnosys.a
END GROUP
LOAD c:/st/stm32cubeide_1.4.0/stm32cubeide/plugins/com.st.stm32cube.ide.mcu.externaltools.gnu-tools-for-stm32.9-2020-q2-update.win32_2.0.0.202105311346/tools/bin/../lib/gcc/arm-none-eabi/9.3.1/thumb/v7e-m+fp/hard/crtend.o
LOAD c:/st/stm32cubeide_1.4.0/stm32cubeide/plugins/com.st.stm32cube.ide.mcu.externaltools.gnu-tools-for-stm32.9-2020-q2-update.win32_2.0.0.202105311346/tools/bin/../lib/gcc/arm-none-eabi/9.3.1/thumb/v7e-m+fp/hard/crtn.o
                0x0000000020020000                _estack = (ORIGIN (RAM) + LENGTH (RAM))
                0x0000000000000200                _Min_Heap_Size = 0x200
                0x0000000000000400                _Min_Stack_Size = 0x400

.isr_vector     0x0000000008000000      0x1c4
                0x0000000008000000                . = ALIGN (0x4)
 *(.isr_vector)
 .isr_vector    0x0000000008000000      0x1c4 ./Core/Startup/startup_stm32f446retx.o
                0x0000000008000000                g_pfnVectors
                0x00000000080001c4                . = ALIGN (0x4)

.text           0x00000000080001d0     0x7838
                0x00000000080001d0                . = ALIGN (0x4)
 *(.text)
 .text          0x00000000080001d0       0x40 c:/st/stm32cubeide_1.4.0/stm32cubeide/plugins/com.st.stm32cube.ide.mcu.externaltools.gnu-tools-for-stm32.9-2020-q2-update.win32_2.0.0.202105311346/tools/bin/../lib/gcc/arm-none-eabi/9.3.1/thumb/v7e-m+fp/hard/crtbegin.o
 .text          0x0000000008000210       0xa0 c:/st/stm32cubeide_1.4.0/stm32cubeide/plugins/com.st.stm32cube.ide.mcu.externaltools.gnu-tools-for-stm32.9-2020-q2-update.win32_2.0.0.202105311346/tools/bin/../lib/gcc/arm-none-eabi/9.3.1/../../../../arm-none-eabi/lib/thumb/v7e-m+fp/hard\libc_nano.a(lib_a-memchr.o)
                0x0000000008000210                memchr
 .text          0x00000000080002b0       0x30 c:/st/stm32cubeide_1.4.0/stm32cubeide/plugins/com.st.stm32cube.ide.mcu.externaltools.gnu-tools-for-stm32.9-2020-q2-update.win32_2.0.0.202105311346/tools/bin/../lib/gcc/arm-none-eabi/9.3.1/thumb/v7e-m+fp/hard\libgcc.a(_aeabi_uldivmod.o)
                0x00000000080002b0                __aeabi_uldivmod
 .text          0x00000000080002e0      0x2c4 c:/st/stm32cubeide_1.4.0/stm32cubeide/plugins/com.st.stm32cube.ide.mcu.externaltools.gnu-tools-for-stm32.9-2020-q2-update.win32_2.0.0.202105311346/tools/bin/../lib/gcc/arm-none-eabi/9.3.1/thumb/v7e-m+fp/hard\libgcc.a(_udivmoddi4.o)
                0x00000000080002e0                __udivmoddi4
 .text          0x00000000080005a4        0x4 c:/st/stm32cubeide_1.4.0/stm32cubeide/plugins/com.st.stm32cube.ide.mcu.externaltools.gnu-tools-for-stm32.9-2020-q2-update.win32_2.0.0.202105311346/tools/bin/../lib/gcc/arm-none-eabi/9.3.1/thumb/v7e-m+fp/hard\libgcc.a(_dvmd_tls.o)
                0x00000000080005a4                __aeabi_idiv0
                0x00000000080005a4                __aeabi_ldiv0
 *(.text*)
 .text.main     0x00000000080005a8      0x17c ./Core/Src/main.o
                0x00000000080005a8                main
 .text.SystemClock_Config
                0x0000000008000724       0xdc ./Core/Src/main.o
                0x0000000008000724                SystemClock_Config
 .text.MX_TIM2_Init
                0x0000000008000800       0xec ./Core/Src/main.o
 .text.MX_TIM3_Init
                0x00000000080008ec       0x9c ./Core/Src/main.o
 .text.MX_USART2_UART_Init
                0x0000000008000988       0x54 ./Core/Src/main.o
 .text.MX_GPIO_Init
                0x00000000080009dc       0xf8 ./Core/Src/main.o
 .text.Error_Handler
                0x0000000008000ad4        0xa ./Core/Src/main.o
                0x0000000008000ad4                Error_Handler
 *fill*         0x0000000008000ade        0x2 
 .text.HAL_MspInit
                0x0000000008000ae0       0x50 ./Core/Src/stm32f4xx_hal_msp.o
                0x0000000008000ae0                HAL_MspInit
 .text.HAL_TIM_Base_MspInit
                0x0000000008000b30       0x6c ./Core/Src/stm32f4xx_hal_msp.o
                0x0000000008000b30                HAL_TIM_Base_MspInit
 .text.HAL_TIM_MspPostInit
                0x0000000008000b9c       0x70 ./Core/Src/stm32f4xx_hal_msp.o
                0x0000000008000b9c                HAL_TIM_MspPostInit
 .text.HAL_UART_MspInit
                0x0000000008000c0c       0x90 ./Core/Src/stm32f4xx_hal_msp.o
                0x0000000008000c0c                HAL_UART_MspInit
 .text.NMI_Handler
                0x0000000008000c9c        0x6 ./Core/Src/stm32f4xx_it.o
                0x0000000008000c9c                NMI_Handler
 .text.HardFault_Handler
                0x0000000008000ca2        0x6 ./Core/Src/stm32f4xx_it.o
                0x0000000008000ca2                HardFault_Handler
 .text.MemManage_Handler
                0x0000000008000ca8        0x6 ./Core/Src/stm32f4xx_it.o
                0x0000000008000ca8                MemManage_Handler
 .text.BusFault_Handler
                0x0000000008000cae        0x6 ./Core/Src/stm32f4xx_it.o
                0x0000000008000cae                BusFault_Handler
 .text.UsageFault_Handler
                0x0000000008000cb4        0x6 ./Core/Src/stm32f4xx_it.o
                0x0000000008000cb4                UsageFault_Handler
 .text.SVC_Handler
                0x0000000008000cba        0xe ./Core/Src/stm32f4xx_it.o
                0x0000000008000cba                SVC_Handler
 .text.DebugMon_Handler
                0x0000000008000cc8        0xe ./Core/Src/stm32f4xx_it.o
                0x0000000008000cc8                DebugMon_Handler
 .text.PendSV_Handler
                0x0000000008000cd6        0xe ./Core/Src/stm32f4xx_it.o
                0x0000000008000cd6                PendSV_Handler
 .text.SysTick_Handler
                0x0000000008000ce4        0xc ./Core/Src/stm32f4xx_it.o
                0x0000000008000ce4                SysTick_Handler
 .text._sbrk    0x0000000008000cf0       0x6c ./Core/Src/sysmem.o
                0x0000000008000cf0                _sbrk
 .text.SystemInit
                0x0000000008000d5c       0x24 ./Core/Src/system_stm32f4xx.o
                0x0000000008000d5c                SystemInit
 .text.PIN_LOW  0x0000000008000d80       0x20 ./Core/Src/tft.o
                0x0000000008000d80                PIN_LOW
 .text.PIN_HIGH
                0x0000000008000da0       0x20 ./Core/Src/tft.o
                0x0000000008000da0                PIN_HIGH
 .text.PIN_INPUT
                0x0000000008000dc0       0x2c ./Core/Src/tft.o
                0x0000000008000dc0                PIN_INPUT
 .text.PIN_OUTPUT
                0x0000000008000dec       0x30 ./Core/Src/tft.o
                0x0000000008000dec                PIN_OUTPUT
 .text.width    0x0000000008000e1c       0x18 ./Core/Src/tft.o
                0x0000000008000e1c                width
 .text.height   0x0000000008000e34       0x18 ./Core/Src/tft.o
                0x0000000008000e34                height
 .text.color565_to_555
                0x0000000008000e4c       0x40 ./Core/Src/tft.o
 .text.color555_to_565
                0x0000000008000e8c       0x42 ./Core/Src/tft.o
 .text.color565_to_r
                0x0000000008000ece       0x22 ./Core/Src/tft.o
 .text.color565_to_g
                0x0000000008000ef0       0x22 ./Core/Src/tft.o
 .text.color565_to_b
                0x0000000008000f12       0x1c ./Core/Src/tft.o
 .text.color565
                0x0000000008000f2e       0x4c ./Core/Src/tft.o
                0x0000000008000f2e                color565
 .text.readPixel
                0x0000000008000f7a       0x30 ./Core/Src/tft.o
                0x0000000008000f7a                readPixel
 .text.WriteCmdData
                0x0000000008000faa       0x24 ./Core/Src/tft.o
                0x0000000008000faa                WriteCmdData
 .text.pushCommand
                0x0000000008000fce       0x26 ./Core/Src/tft.o
                0x0000000008000fce                pushCommand
 .text.setReadDir
                0x0000000008000ff4       0x5c ./Core/Src/tft.o
                0x0000000008000ff4                setReadDir
 .text.setWriteDir
                0x0000000008001050       0x5c ./Core/Src/tft.o
                0x0000000008001050                setWriteDir
 .text.write24  0x00000000080010ac      0x200 ./Core/Src/tft.o
 .text.writecmddata
                0x00000000080012ac      0x2ac ./Core/Src/tft.o
 .text.WriteCmdParamN
                0x0000000008001558      0x39c ./Core/Src/tft.o
 .text.WriteCmdParam4
                0x00000000080018f4       0x48 ./Core/Src/tft.o
 .text.init_table
                0x000000000800193c       0xb2 ./Core/Src/tft.o
 .text.init_table16
                0x00000000080019ee       0x60 ./Core/Src/tft.o
 *fill*         0x0000000008001a4e        0x2 
 .text.reset    0x0000000008001a50       0x98 ./Core/Src/tft.o
                0x0000000008001a50                reset
 .text.read16bits
                0x0000000008001ae8      0x1e4 ./Core/Src/tft.o
 .text.readReg  0x0000000008001ccc      0x1b8 ./Core/Src/tft.o
                0x0000000008001ccc                readReg
 .text.readReg32
                0x0000000008001e84       0x36 ./Core/Src/tft.o
                0x0000000008001e84                readReg32
 .text.readReg40
                0x0000000008001eba       0x4e ./Core/Src/tft.o
                0x0000000008001eba                readReg40
 .text.tft_init
                0x0000000008001f08      0x70c ./Core/Src/tft.o
                0x0000000008001f08                tft_init
 .text.readID   0x0000000008002614      0x280 ./Core/Src/tft.o
                0x0000000008002614                readID
 .text.readGRAM
                0x0000000008002894      0xbe0 ./Core/Src/tft.o
                0x0000000008002894                readGRAM
 .text.setRotation
                0x0000000008003474      0x50c ./Core/Src/tft.o
                0x0000000008003474                setRotation
 .text.drawPixel
                0x0000000008003980      0x20c ./Core/Src/tft.o
                0x0000000008003980                drawPixel
 .text.setAddrWindow
                0x0000000008003b8c      0x248 ./Core/Src/tft.o
                0x0000000008003b8c                setAddrWindow
 .text.vertScroll
                0x0000000008003dd4      0x24c ./Core/Src/tft.o
                0x0000000008003dd4                vertScroll
 .text.fillScreen
                0x0000000008004020       0x34 ./Core/Src/tft.o
                0x0000000008004020                fillScreen
 .text.invertDisplay
                0x0000000008004054      0x14c ./Core/Src/tft.o
                0x0000000008004054                invertDisplay
 .text.writePixel
                0x00000000080041a0       0x2a ./Core/Src/tft.o
                0x00000000080041a0                writePixel
 *fill*         0x00000000080041ca        0x2 
 .text.fillRect
                0x00000000080041cc      0x448 ./Core/Src/tft.o
                0x00000000080041cc                fillRect
 .text.drawChar
                0x0000000008004614      0x17c ./Core/Src/tft.o
                0x0000000008004614                drawChar
 .text.write    0x0000000008004790      0x14c ./Core/Src/tft.o
                0x0000000008004790                write
 .text.write_fillbackground
                0x00000000080048dc      0x228 ./Core/Src/tft.o
                0x00000000080048dc                write_fillbackground
 .text.setFont  0x0000000008004b04       0x54 ./Core/Src/tft.o
                0x0000000008004b04                setFont
 .text.printnewtstr
                0x0000000008004b58       0x68 ./Core/Src/tft.o
                0x0000000008004b58                printnewtstr
 .text.printnewtstr_bc
                0x0000000008004bc0       0x70 ./Core/Src/tft.o
                0x0000000008004bc0                printnewtstr_bc
 .text.setCursor
                0x0000000008004c30       0x34 ./Core/Src/tft.o
                0x0000000008004c30                setCursor
 .text.delay    0x0000000008004c64       0x30 ./Core/Src/tft.o
                0x0000000008004c64                delay
 .text.tft_gpio_init
                0x0000000008004c94       0xe4 ./Core/Src/tft.o
                0x0000000008004c94                tft_gpio_init
 .text.Reset_Handler
                0x0000000008004d78       0x50 ./Core/Startup/startup_stm32f446retx.o
                0x0000000008004d78                Reset_Handler
 .text.Default_Handler
                0x0000000008004dc8        0x2 ./Core/Startup/startup_stm32f446retx.o
                0x0000000008004dc8                RTC_Alarm_IRQHandler
                0x0000000008004dc8                EXTI2_IRQHandler
                0x0000000008004dc8                TIM8_CC_IRQHandler
                0x0000000008004dc8                FMPI2C1_EV_IRQHandler
                0x0000000008004dc8                SPI4_IRQHandler
                0x0000000008004dc8                TIM1_CC_IRQHandler
                0x0000000008004dc8                DMA2_Stream5_IRQHandler
                0x0000000008004dc8                DMA1_Stream5_IRQHandler
                0x0000000008004dc8                PVD_IRQHandler
                0x0000000008004dc8                SDIO_IRQHandler
                0x0000000008004dc8                TAMP_STAMP_IRQHandler
                0x0000000008004dc8                CAN2_RX1_IRQHandler
                0x0000000008004dc8                EXTI3_IRQHandler
                0x0000000008004dc8                TIM8_TRG_COM_TIM14_IRQHandler
                0x0000000008004dc8                TIM1_UP_TIM10_IRQHandler
                0x0000000008004dc8                TIM8_UP_TIM13_IRQHandler
                0x0000000008004dc8                I2C3_ER_IRQHandler
                0x0000000008004dc8                EXTI0_IRQHandler
                0x0000000008004dc8                I2C2_EV_IRQHandler
                0x0000000008004dc8                DMA1_Stream2_IRQHandler
                0x0000000008004dc8                CAN1_RX0_IRQHandler
                0x0000000008004dc8                FPU_IRQHandler
                0x0000000008004dc8                OTG_HS_WKUP_IRQHandler
                0x0000000008004dc8                CAN2_SCE_IRQHandler
                0x0000000008004dc8                DMA2_Stream2_IRQHandler
                0x0000000008004dc8                SPI1_IRQHandler
                0x0000000008004dc8                TIM6_DAC_IRQHandler
                0x0000000008004dc8                TIM1_BRK_TIM9_IRQHandler
                0x0000000008004dc8                DCMI_IRQHandler
                0x0000000008004dc8                CAN2_RX0_IRQHandler
                0x0000000008004dc8                DMA2_Stream3_IRQHandler
                0x0000000008004dc8                SAI2_IRQHandler
                0x0000000008004dc8                USART6_IRQHandler
                0x0000000008004dc8                USART3_IRQHandler
                0x0000000008004dc8                CAN1_RX1_IRQHandler
                0x0000000008004dc8                UART5_IRQHandler
                0x0000000008004dc8                DMA2_Stream0_IRQHandler
                0x0000000008004dc8                TIM4_IRQHandler
                0x0000000008004dc8                QUADSPI_IRQHandler
                0x0000000008004dc8                I2C1_EV_IRQHandler
                0x0000000008004dc8                DMA1_Stream6_IRQHandler
                0x0000000008004dc8                DMA1_Stream1_IRQHandler
                0x0000000008004dc8                UART4_IRQHandler
                0x0000000008004dc8                TIM3_IRQHandler
                0x0000000008004dc8                RCC_IRQHandler
                0x0000000008004dc8                TIM8_BRK_TIM12_IRQHandler
                0x0000000008004dc8                Default_Handler
                0x0000000008004dc8                CEC_IRQHandler
                0x0000000008004dc8                EXTI15_10_IRQHandler
                0x0000000008004dc8                ADC_IRQHandler
                0x0000000008004dc8                DMA1_Stream7_IRQHandler
                0x0000000008004dc8                TIM7_IRQHandler
                0x0000000008004dc8                CAN2_TX_IRQHandler
                0x0000000008004dc8                TIM5_IRQHandler
                0x0000000008004dc8                DMA2_Stream7_IRQHandler
                0x0000000008004dc8                I2C3_EV_IRQHandler
                0x0000000008004dc8                EXTI9_5_IRQHandler
                0x0000000008004dc8                RTC_WKUP_IRQHandler
                0x0000000008004dc8                SPDIF_RX_IRQHandler
                0x0000000008004dc8                SPI2_IRQHandler
                0x0000000008004dc8                OTG_HS_EP1_IN_IRQHandler
                0x0000000008004dc8                DMA1_Stream0_IRQHandler
                0x0000000008004dc8                CAN1_TX_IRQHandler
                0x0000000008004dc8                FMPI2C1_ER_IRQHandler
                0x0000000008004dc8                EXTI4_IRQHandler
                0x0000000008004dc8                OTG_HS_EP1_OUT_IRQHandler
                0x0000000008004dc8                WWDG_IRQHandler
                0x0000000008004dc8                TIM2_IRQHandler
                0x0000000008004dc8                OTG_FS_WKUP_IRQHandler
                0x0000000008004dc8                TIM1_TRG_COM_TIM11_IRQHandler
                0x0000000008004dc8                OTG_HS_IRQHandler
                0x0000000008004dc8                EXTI1_IRQHandler
                0x0000000008004dc8                USART2_IRQHandler
                0x0000000008004dc8                I2C2_ER_IRQHandler
                0x0000000008004dc8                DMA2_Stream1_IRQHandler
                0x0000000008004dc8                CAN1_SCE_IRQHandler
                0x0000000008004dc8                FLASH_IRQHandler
                0x0000000008004dc8                DMA2_Stream4_IRQHandler
                0x0000000008004dc8                USART1_IRQHandler
                0x0000000008004dc8                OTG_FS_IRQHandler
                0x0000000008004dc8                SPI3_IRQHandler
                0x0000000008004dc8                DMA1_Stream4_IRQHandler
                0x0000000008004dc8                I2C1_ER_IRQHandler
                0x0000000008004dc8                FMC_IRQHandler
                0x0000000008004dc8                DMA2_Stream6_IRQHandler
                0x0000000008004dc8                SAI1_IRQHandler
                0x0000000008004dc8                DMA1_Stream3_IRQHandler
 *fill*         0x0000000008004dca        0x2 
 .text.HAL_Init
                0x0000000008004dcc       0x44 ./Drivers/STM32F4xx_HAL_Driver/Src/stm32f4xx_hal.o
                0x0000000008004dcc                HAL_Init
 .text.HAL_InitTick
                0x0000000008004e10       0x60 ./Drivers/STM32F4xx_HAL_Driver/Src/stm32f4xx_hal.o
                0x0000000008004e10                HAL_InitTick
 .text.HAL_IncTick
                0x0000000008004e70       0x28 ./Drivers/STM32F4xx_HAL_Driver/Src/stm32f4xx_hal.o
                0x0000000008004e70                HAL_IncTick
 .text.HAL_GetTick
                0x0000000008004e98       0x18 ./Drivers/STM32F4xx_HAL_Driver/Src/stm32f4xx_hal.o
                0x0000000008004e98                HAL_GetTick
 .text.HAL_Delay
                0x0000000008004eb0       0x48 ./Drivers/STM32F4xx_HAL_Driver/Src/stm32f4xx_hal.o
                0x0000000008004eb0                HAL_Delay
 .text.__NVIC_SetPriorityGrouping
                0x0000000008004ef8       0x48 ./Drivers/STM32F4xx_HAL_Driver/Src/stm32f4xx_hal_cortex.o
 .text.__NVIC_GetPriorityGrouping
                0x0000000008004f40       0x1c ./Drivers/STM32F4xx_HAL_Driver/Src/stm32f4xx_hal_cortex.o
 .text.__NVIC_SetPriority
                0x0000000008004f5c       0x54 ./Drivers/STM32F4xx_HAL_Driver/Src/stm32f4xx_hal_cortex.o
 .text.NVIC_EncodePriority
                0x0000000008004fb0       0x66 ./Drivers/STM32F4xx_HAL_Driver/Src/stm32f4xx_hal_cortex.o
 *fill*         0x0000000008005016        0x2 
 .text.SysTick_Config
                0x0000000008005018       0x44 ./Drivers/STM32F4xx_HAL_Driver/Src/stm32f4xx_hal_cortex.o
 .text.HAL_NVIC_SetPriorityGrouping
                0x000000000800505c       0x16 ./Drivers/STM32F4xx_HAL_Driver/Src/stm32f4xx_hal_cortex.o
                0x000000000800505c                HAL_NVIC_SetPriorityGrouping
 .text.HAL_NVIC_SetPriority
                0x0000000008005072       0x38 ./Drivers/STM32F4xx_HAL_Driver/Src/stm32f4xx_hal_cortex.o
                0x0000000008005072                HAL_NVIC_SetPriority
 .text.HAL_SYSTICK_Config
                0x00000000080050aa       0x18 ./Drivers/STM32F4xx_HAL_Driver/Src/stm32f4xx_hal_cortex.o
                0x00000000080050aa                HAL_SYSTICK_Config
 *fill*         0x00000000080050c2        0x2 
 .text.HAL_GPIO_Init
                0x00000000080050c4      0x328 ./Drivers/STM32F4xx_HAL_Driver/Src/stm32f4xx_hal_gpio.o
                0x00000000080050c4                HAL_GPIO_Init
 .text.HAL_GPIO_ReadPin
                0x00000000080053ec       0x30 ./Drivers/STM32F4xx_HAL_Driver/Src/stm32f4xx_hal_gpio.o
                0x00000000080053ec                HAL_GPIO_ReadPin
 .text.HAL_GPIO_WritePin
                0x000000000800541c       0x32 ./Drivers/STM32F4xx_HAL_Driver/Src/stm32f4xx_hal_gpio.o
                0x000000000800541c                HAL_GPIO_WritePin
 *fill*         0x000000000800544e        0x2 
 .text.HAL_RCC_ClockConfig
                0x0000000008005450      0x1cc ./Drivers/STM32F4xx_HAL_Driver/Src/stm32f4xx_hal_rcc.o
                0x0000000008005450                HAL_RCC_ClockConfig
 .text.HAL_RCC_GetHCLKFreq
                0x000000000800561c       0x18 ./Drivers/STM32F4xx_HAL_Driver/Src/stm32f4xx_hal_rcc.o
                0x000000000800561c                HAL_RCC_GetHCLKFreq
 .text.HAL_RCC_GetPCLK1Freq
                0x0000000008005634       0x28 ./Drivers/STM32F4xx_HAL_Driver/Src/stm32f4xx_hal_rcc.o
                0x0000000008005634                HAL_RCC_GetPCLK1Freq
 .text.HAL_RCC_GetPCLK2Freq
                0x000000000800565c       0x28 ./Drivers/STM32F4xx_HAL_Driver/Src/stm32f4xx_hal_rcc.o
                0x000000000800565c                HAL_RCC_GetPCLK2Freq
 .text.HAL_RCC_GetSysClockFreq
                0x0000000008005684      0x364 ./Drivers/STM32F4xx_HAL_Driver/Src/stm32f4xx_hal_rcc_ex.o
                0x0000000008005684                HAL_RCC_GetSysClockFreq
 .text.HAL_RCC_OscConfig
                0x00000000080059e8      0x53c ./Drivers/STM32F4xx_HAL_Driver/Src/stm32f4xx_hal_rcc_ex.o
                0x00000000080059e8                HAL_RCC_OscConfig
 .text.HAL_TIM_Base_Init
                0x0000000008005f24       0x9e ./Drivers/STM32F4xx_HAL_Driver/Src/stm32f4xx_hal_tim.o
                0x0000000008005f24                HAL_TIM_Base_Init
 *fill*         0x0000000008005fc2        0x2 
 .text.HAL_TIM_Base_Start
                0x0000000008005fc4       0xd0 ./Drivers/STM32F4xx_HAL_Driver/Src/stm32f4xx_hal_tim.o
                0x0000000008005fc4                HAL_TIM_Base_Start
 .text.HAL_TIM_PWM_Init
                0x0000000008006094       0x9e ./Drivers/STM32F4xx_HAL_Driver/Src/stm32f4xx_hal_tim.o
                0x0000000008006094                HAL_TIM_PWM_Init
 .text.HAL_TIM_PWM_MspInit
                0x0000000008006132       0x14 ./Drivers/STM32F4xx_HAL_Driver/Src/stm32f4xx_hal_tim.o
                0x0000000008006132                HAL_TIM_PWM_MspInit
 *fill*         0x0000000008006146        0x2 
 .text.HAL_TIM_PWM_Start
                0x0000000008006148      0x190 ./Drivers/STM32F4xx_HAL_Driver/Src/stm32f4xx_hal_tim.o
                0x0000000008006148                HAL_TIM_PWM_Start
 .text.HAL_TIM_PWM_ConfigChannel
                0x00000000080062d8      0x184 ./Drivers/STM32F4xx_HAL_Driver/Src/stm32f4xx_hal_tim.o
                0x00000000080062d8                HAL_TIM_PWM_ConfigChannel
 .text.HAL_TIM_ConfigClockSource
                0x000000000800645c      0x18e ./Drivers/STM32F4xx_HAL_Driver/Src/stm32f4xx_hal_tim.o
                0x000000000800645c                HAL_TIM_ConfigClockSource
 *fill*         0x00000000080065ea        0x2 
 .text.TIM_Base_SetConfig
                0x00000000080065ec      0x140 ./Drivers/STM32F4xx_HAL_Driver/Src/stm32f4xx_hal_tim.o
                0x00000000080065ec                TIM_Base_SetConfig
 .text.TIM_OC1_SetConfig
                0x000000000800672c       0xe0 ./Drivers/STM32F4xx_HAL_Driver/Src/stm32f4xx_hal_tim.o
 .text.TIM_OC2_SetConfig
                0x000000000800680c       0xec ./Drivers/STM32F4xx_HAL_Driver/Src/stm32f4xx_hal_tim.o
                0x000000000800680c                TIM_OC2_SetConfig
 .text.TIM_OC3_SetConfig
                0x00000000080068f8       0xe8 ./Drivers/STM32F4xx_HAL_Driver/Src/stm32f4xx_hal_tim.o
 .text.TIM_OC4_SetConfig
                0x00000000080069e0       0xac ./Drivers/STM32F4xx_HAL_Driver/Src/stm32f4xx_hal_tim.o
 .text.TIM_TI1_ConfigInputStage
                0x0000000008006a8c       0x5e ./Drivers/STM32F4xx_HAL_Driver/Src/stm32f4xx_hal_tim.o
 .text.TIM_TI2_ConfigInputStage
                0x0000000008006aea       0x60 ./Drivers/STM32F4xx_HAL_Driver/Src/stm32f4xx_hal_tim.o
 .text.TIM_ITRx_SetConfig
                0x0000000008006b4a       0x36 ./Drivers/STM32F4xx_HAL_Driver/Src/stm32f4xx_hal_tim.o
 .text.TIM_ETR_SetConfig
                0x0000000008006b80       0x40 ./Drivers/STM32F4xx_HAL_Driver/Src/stm32f4xx_hal_tim.o
                0x0000000008006b80                TIM_ETR_SetConfig
 .text.TIM_CCxChannelCmd
                0x0000000008006bc0       0x4a ./Drivers/STM32F4xx_HAL_Driver/Src/stm32f4xx_hal_tim.o
                0x0000000008006bc0                TIM_CCxChannelCmd
 *fill*         0x0000000008006c0a        0x2 
 .text.HAL_TIMEx_MasterConfigSynchronization
                0x0000000008006c0c       0xf8 ./Drivers/STM32F4xx_HAL_Driver/Src/stm32f4xx_hal_tim_ex.o
                0x0000000008006c0c                HAL_TIMEx_MasterConfigSynchronization
 .text.HAL_UART_Init
                0x0000000008006d04       0x9a ./Drivers/STM32F4xx_HAL_Driver/Src/stm32f4xx_hal_uart.o
                0x0000000008006d04                HAL_UART_Init
 *fill*         0x0000000008006d9e        0x2 
 .text.UART_SetConfig
                0x0000000008006da0      0x390 ./Drivers/STM32F4xx_HAL_Driver/Src/stm32f4xx_hal_uart.o
 .text.__errno  0x0000000008007130        0xc c:/st/stm32cubeide_1.4.0/stm32cubeide/plugins/com.st.stm32cube.ide.mcu.externaltools.gnu-tools-for-stm32.9-2020-q2-update.win32_2.0.0.202105311346/tools/bin/../lib/gcc/arm-none-eabi/9.3.1/../../../../arm-none-eabi/lib/thumb/v7e-m+fp/hard\libc_nano.a(lib_a-errno.o)
                0x0000000008007130                __errno
 .text.__libc_init_array
                0x000000000800713c       0x48 c:/st/stm32cubeide_1.4.0/stm32cubeide/plugins/com.st.stm32cube.ide.mcu.externaltools.gnu-tools-for-stm32.9-2020-q2-update.win32_2.0.0.202105311346/tools/bin/../lib/gcc/arm-none-eabi/9.3.1/../../../../arm-none-eabi/lib/thumb/v7e-m+fp/hard\libc_nano.a(lib_a-init.o)
                0x000000000800713c                __libc_init_array
 .text.memset   0x0000000008007184       0x10 c:/st/stm32cubeide_1.4.0/stm32cubeide/plugins/com.st.stm32cube.ide.mcu.externaltools.gnu-tools-for-stm32.9-2020-q2-update.win32_2.0.0.202105311346/tools/bin/../lib/gcc/arm-none-eabi/9.3.1/../../../../arm-none-eabi/lib/thumb/v7e-m+fp/hard\libc_nano.a(lib_a-memset.o)
                0x0000000008007184                memset
 .text.sprintf  0x0000000008007194       0x40 c:/st/stm32cubeide_1.4.0/stm32cubeide/plugins/com.st.stm32cube.ide.mcu.externaltools.gnu-tools-for-stm32.9-2020-q2-update.win32_2.0.0.202105311346/tools/bin/../lib/gcc/arm-none-eabi/9.3.1/../../../../arm-none-eabi/lib/thumb/v7e-m+fp/hard\libc_nano.a(lib_a-sprintf.o)
                0x0000000008007194                siprintf
                0x0000000008007194                sprintf
 .text.__ssputs_r
                0x00000000080071d4       0xb6 c:/st/stm32cubeide_1.4.0/stm32cubeide/plugins/com.st.stm32cube.ide.mcu.externaltools.gnu-tools-for-stm32.9-2020-q2-update.win32_2.0.0.202105311346/tools/bin/../lib/gcc/arm-none-eabi/9.3.1/../../../../arm-none-eabi/lib/thumb/v7e-m+fp/hard\libc_nano.a(lib_a-nano-svfprintf.o)
                0x00000000080071d4                __ssputs_r
 *fill*         0x000000000800728a        0x2 
 .text._svfprintf_r
                0x000000000800728c      0x200 c:/st/stm32cubeide_1.4.0/stm32cubeide/plugins/com.st.stm32cube.ide.mcu.externaltools.gnu-tools-for-stm32.9-2020-q2-update.win32_2.0.0.202105311346/tools/bin/../lib/gcc/arm-none-eabi/9.3.1/../../../../arm-none-eabi/lib/thumb/v7e-m+fp/hard\libc_nano.a(lib_a-nano-svfprintf.o)
                0x000000000800728c                _svfiprintf_r
                0x000000000800728c                _svfprintf_r
 .text._printf_common
                0x000000000800748c       0xda c:/st/stm32cubeide_1.4.0/stm32cubeide/plugins/com.st.stm32cube.ide.mcu.externaltools.gnu-tools-for-stm32.9-2020-q2-update.win32_2.0.0.202105311346/tools/bin/../lib/gcc/arm-none-eabi/9.3.1/../../../../arm-none-eabi/lib/thumb/v7e-m+fp/hard\libc_nano.a(lib_a-nano-vfprintf_i.o)
                0x000000000800748c                _printf_common
 *fill*         0x0000000008007566        0x2 
 .text._printf_i
                0x0000000008007568      0x24c c:/st/stm32cubeide_1.4.0/stm32cubeide/plugins/com.st.stm32cube.ide.mcu.externaltools.gnu-tools-for-stm32.9-2020-q2-update.win32_2.0.0.202105311346/tools/bin/../lib/gcc/arm-none-eabi/9.3.1/../../../../arm-none-eabi/lib/thumb/v7e-m+fp/hard\libc_nano.a(lib_a-nano-vfprintf_i.o)
                0x0000000008007568                _printf_i
 .text.memcpy   0x00000000080077b4       0x1c c:/st/stm32cubeide_1.4.0/stm32cubeide/plugins/com.st.stm32cube.ide.mcu.externaltools.gnu-tools-for-stm32.9-2020-q2-update.win32_2.0.0.202105311346/tools/bin/../lib/gcc/arm-none-eabi/9.3.1/../../../../arm-none-eabi/lib/thumb/v7e-m+fp/hard\libc_nano.a(lib_a-memcpy-stub.o)
                0x00000000080077b4                memcpy
 .text.memmove  0x00000000080077d0       0x34 c:/st/stm32cubeide_1.4.0/stm32cubeide/plugins/com.st.stm32cube.ide.mcu.externaltools.gnu-tools-for-stm32.9-2020-q2-update.win32_2.0.0.202105311346/tools/bin/../lib/gcc/arm-none-eabi/9.3.1/../../../../arm-none-eabi/lib/thumb/v7e-m+fp/hard\libc_nano.a(lib_a-memmove.o)
                0x00000000080077d0                memmove
 .text._free_r  0x0000000008007804       0xa0 c:/st/stm32cubeide_1.4.0/stm32cubeide/plugins/com.st.stm32cube.ide.mcu.externaltools.gnu-tools-for-stm32.9-2020-q2-update.win32_2.0.0.202105311346/tools/bin/../lib/gcc/arm-none-eabi/9.3.1/../../../../arm-none-eabi/lib/thumb/v7e-m+fp/hard\libc_nano.a(lib_a-nano-freer.o)
                0x0000000008007804                _free_r
 .text._malloc_r
                0x00000000080078a4       0xb4 c:/st/stm32cubeide_1.4.0/stm32cubeide/plugins/com.st.stm32cube.ide.mcu.externaltools.gnu-tools-for-stm32.9-2020-q2-update.win32_2.0.0.202105311346/tools/bin/../lib/gcc/arm-none-eabi/9.3.1/../../../../arm-none-eabi/lib/thumb/v7e-m+fp/hard\libc_nano.a(lib_a-nano-mallocr.o)
                0x00000000080078a4                _malloc_r
 .text._realloc_r
                0x0000000008007958       0x4c c:/st/stm32cubeide_1.4.0/stm32cubeide/plugins/com.st.stm32cube.ide.mcu.externaltools.gnu-tools-for-stm32.9-2020-q2-update.win32_2.0.0.202105311346/tools/bin/../lib/gcc/arm-none-eabi/9.3.1/../../../../arm-none-eabi/lib/thumb/v7e-m+fp/hard\libc_nano.a(lib_a-nano-reallocr.o)
                0x0000000008007958                _realloc_r
 .text._sbrk_r  0x00000000080079a4       0x20 c:/st/stm32cubeide_1.4.0/stm32cubeide/plugins/com.st.stm32cube.ide.mcu.externaltools.gnu-tools-for-stm32.9-2020-q2-update.win32_2.0.0.202105311346/tools/bin/../lib/gcc/arm-none-eabi/9.3.1/../../../../arm-none-eabi/lib/thumb/v7e-m+fp/hard\libc_nano.a(lib_a-sbrkr.o)
                0x00000000080079a4                _sbrk_r
 .text.__malloc_lock
                0x00000000080079c4        0xc c:/st/stm32cubeide_1.4.0/stm32cubeide/plugins/com.st.stm32cube.ide.mcu.externaltools.gnu-tools-for-stm32.9-2020-q2-update.win32_2.0.0.202105311346/tools/bin/../lib/gcc/arm-none-eabi/9.3.1/../../../../arm-none-eabi/lib/thumb/v7e-m+fp/hard\libc_nano.a(lib_a-mlock.o)
                0x00000000080079c4                __malloc_lock
 .text.__malloc_unlock
                0x00000000080079d0        0xc c:/st/stm32cubeide_1.4.0/stm32cubeide/plugins/com.st.stm32cube.ide.mcu.externaltools.gnu-tools-for-stm32.9-2020-q2-update.win32_2.0.0.202105311346/tools/bin/../lib/gcc/arm-none-eabi/9.3.1/../../../../arm-none-eabi/lib/thumb/v7e-m+fp/hard\libc_nano.a(lib_a-mlock.o)
                0x00000000080079d0                __malloc_unlock
 .text._malloc_usable_size_r
                0x00000000080079dc       0x10 c:/st/stm32cubeide_1.4.0/stm32cubeide/plugins/com.st.stm32cube.ide.mcu.externaltools.gnu-tools-for-stm32.9-2020-q2-update.win32_2.0.0.202105311346/tools/bin/../lib/gcc/arm-none-eabi/9.3.1/../../../../arm-none-eabi/lib/thumb/v7e-m+fp/hard\libc_nano.a(lib_a-nano-msizer.o)
                0x00000000080079dc                _malloc_usable_size_r
 .text.__retarget_lock_acquire_recursive
                0x00000000080079ec        0x2 c:/st/stm32cubeide_1.4.0/stm32cubeide/plugins/com.st.stm32cube.ide.mcu.externaltools.gnu-tools-for-stm32.9-2020-q2-update.win32_2.0.0.202105311346/tools/bin/../lib/gcc/arm-none-eabi/9.3.1/../../../../arm-none-eabi/lib/thumb/v7e-m+fp/hard\libc_nano.a(lib_a-lock.o)
                0x00000000080079ec                __retarget_lock_acquire_recursive
 .text.__retarget_lock_release_recursive
                0x00000000080079ee        0x2 c:/st/stm32cubeide_1.4.0/stm32cubeide/plugins/com.st.stm32cube.ide.mcu.externaltools.gnu-tools-for-stm32.9-2020-q2-update.win32_2.0.0.202105311346/tools/bin/../lib/gcc/arm-none-eabi/9.3.1/../../../../arm-none-eabi/lib/thumb/v7e-m+fp/hard\libc_nano.a(lib_a-lock.o)
                0x00000000080079ee                __retarget_lock_release_recursive
 *(.glue_7)
 .glue_7        0x00000000080079f0        0x0 linker stubs
 *(.glue_7t)
 .glue_7t       0x00000000080079f0        0x0 linker stubs
 *(.eh_frame)
 .eh_frame      0x00000000080079f0        0x0 c:/st/stm32cubeide_1.4.0/stm32cubeide/plugins/com.st.stm32cube.ide.mcu.externaltools.gnu-tools-for-stm32.9-2020-q2-update.win32_2.0.0.202105311346/tools/bin/../lib/gcc/arm-none-eabi/9.3.1/thumb/v7e-m+fp/hard/crtbegin.o
 *(.init)
 .init          0x00000000080079f0        0x4 c:/st/stm32cubeide_1.4.0/stm32cubeide/plugins/com.st.stm32cube.ide.mcu.externaltools.gnu-tools-for-stm32.9-2020-q2-update.win32_2.0.0.202105311346/tools/bin/../lib/gcc/arm-none-eabi/9.3.1/thumb/v7e-m+fp/hard/crti.o
                0x00000000080079f0                _init
 .init          0x00000000080079f4        0x8 c:/st/stm32cubeide_1.4.0/stm32cubeide/plugins/com.st.stm32cube.ide.mcu.externaltools.gnu-tools-for-stm32.9-2020-q2-update.win32_2.0.0.202105311346/tools/bin/../lib/gcc/arm-none-eabi/9.3.1/thumb/v7e-m+fp/hard/crtn.o
 *(.fini)
 .fini          0x00000000080079fc        0x4 c:/st/stm32cubeide_1.4.0/stm32cubeide/plugins/com.st.stm32cube.ide.mcu.externaltools.gnu-tools-for-stm32.9-2020-q2-update.win32_2.0.0.202105311346/tools/bin/../lib/gcc/arm-none-eabi/9.3.1/thumb/v7e-m+fp/hard/crti.o
                0x00000000080079fc                _fini
 .fini          0x0000000008007a00        0x8 c:/st/stm32cubeide_1.4.0/stm32cubeide/plugins/com.st.stm32cube.ide.mcu.externaltools.gnu-tools-for-stm32.9-2020-q2-update.win32_2.0.0.202105311346/tools/bin/../lib/gcc/arm-none-eabi/9.3.1/thumb/v7e-m+fp/hard/crtn.o
                0x0000000008007a08                . = ALIGN (0x4)
                0x0000000008007a08                _etext = .

.vfp11_veneer   0x0000000008007a08        0x0
 .vfp11_veneer  0x0000000008007a08        0x0 linker stubs

.v4_bx          0x0000000008007a08        0x0
 .v4_bx         0x0000000008007a08        0x0 linker stubs

.iplt           0x0000000008007a08        0x0
 .iplt          0x0000000008007a08        0x0 c:/st/stm32cubeide_1.4.0/stm32cubeide/plugins/com.st.stm32cube.ide.mcu.externaltools.gnu-tools-for-stm32.9-2020-q2-update.win32_2.0.0.202105311346/tools/bin/../lib/gcc/arm-none-eabi/9.3.1/thumb/v7e-m+fp/hard/crtbegin.o

.rodata         0x0000000008007a08     0x1750
                0x0000000008007a08                . = ALIGN (0x4)
 *(.rodata)
 .rodata        0x0000000008007a08        0xf ./Core/Src/main.o
 *fill*         0x0000000008007a17        0x1 
 .rodata        0x0000000008007a18        0x3 ./Core/Src/tft.o
 *(.rodata*)
 *fill*         0x0000000008007a1b        0x1 
 .rodata.FreeMonoBold18pt7bBitmaps
                0x0000000008007a1c      0xee5 ./Core/Src/fonts.o
                0x0000000008007a1c                FreeMonoBold18pt7bBitmaps
 *fill*         0x0000000008008901        0x3 
 .rodata.FreeMonoBold18pt7bGlyphs
                0x0000000008008904      0x2f8 ./Core/Src/fonts.o
                0x0000000008008904                FreeMonoBold18pt7bGlyphs
 .rodata.mono18x7bold
                0x0000000008008bfc        0xc ./Core/Src/fonts.o
                0x0000000008008bfc                mono18x7bold
 .rodata.AHBPrescTable
                0x0000000008008c08       0x10 ./Core/Src/system_stm32f4xx.o
                0x0000000008008c08                AHBPrescTable
 .rodata.APBPrescTable
                0x0000000008008c18        0x8 ./Core/Src/system_stm32f4xx.o
                0x0000000008008c18                APBPrescTable
 .rodata.R61511_regValues.9580
                0x0000000008008c20        0x3 ./Core/Src/tft.o
 *fill*         0x0000000008008c23        0x1 
 .rodata.R61520_regValues.9583
                0x0000000008008c24        0x6 ./Core/Src/tft.o
 *fill*         0x0000000008008c2a        0x2 
 .rodata.R61526_regValues.9585
                0x0000000008008c2c        0xc ./Core/Src/tft.o
 .rodata.NT35310_regValues.9587
                0x0000000008008c38        0x2 ./Core/Src/tft.o
 *fill*         0x0000000008008c3a        0x2 
 .rodata.ST7789_regValues.9589
                0x0000000008008c3c       0x41 ./Core/Src/tft.o
 *fill*         0x0000000008008c7d        0x3 
 .rodata.FK8031_regValues.9592
                0x0000000008008c80       0x12 ./Core/Src/tft.o
 *fill*         0x0000000008008c92        0x2 
 .rodata.HX8357C_regValues.9596
                0x0000000008008c94        0x2 ./Core/Src/tft.o
 *fill*         0x0000000008008c96        0x2 
 .rodata.HX8357_99_regValues.9598
                0x0000000008008c98       0x1d ./Core/Src/tft.o
 *fill*         0x0000000008008cb5        0x3 
 .rodata.ILI9320_regValues.9604
                0x0000000008008cb8       0xd8 ./Core/Src/tft.o
 .rodata.ILI9325_regValues.9611
                0x0000000008008d90       0xcc ./Core/Src/tft.o
 .rodata.ILI9327_regValues.9613
                0x0000000008008e5c       0x1e ./Core/Src/tft.o
 *fill*         0x0000000008008e7a        0x2 
 .rodata.XX1602_regValues.9615
                0x0000000008008e7c        0x6 ./Core/Src/tft.o
 *fill*         0x0000000008008e82        0x2 
 .rodata.ILI9329_regValues.9622
                0x0000000008008e84        0x3 ./Core/Src/tft.o
 *fill*         0x0000000008008e87        0x1 
 .rodata.ILI9341_regValues_2_4.9626
                0x0000000008008e88       0x65 ./Core/Src/tft.o
 *fill*         0x0000000008008eed        0x3 
 .rodata.ILI9481_regValues.9631
                0x0000000008008ef0       0x45 ./Core/Src/tft.o
 *fill*         0x0000000008008f35        0x3 
 .rodata.ILI9486_regValues.9638
                0x0000000008008f38       0x3b ./Core/Src/tft.o
 *fill*         0x0000000008008f73        0x1 
 .rodata.ILI9488_regValues_max.9643
                0x0000000008008f74       0x2b ./Core/Src/tft.o
 *fill*         0x0000000008008f9f        0x1 
 .rodata.R61505V_regValues.9646
                0x0000000008008fa0       0xb0 ./Core/Src/tft.o
 .rodata.R61509V_regValues.9649
                0x0000000008009050       0xc0 ./Core/Src/tft.o
 .rodata.reset_off.9651
                0x0000000008009110        0x9 ./Core/Src/tft.o
 *fill*         0x0000000008009119        0x3 
 .rodata.wake_on.9652
                0x000000000800911c        0x6 ./Core/Src/tft.o
 .rodata._svfprintf_r.str1.1
                0x0000000008009122       0x11 c:/st/stm32cubeide_1.4.0/stm32cubeide/plugins/com.st.stm32cube.ide.mcu.externaltools.gnu-tools-for-stm32.9-2020-q2-update.win32_2.0.0.202105311346/tools/bin/../lib/gcc/arm-none-eabi/9.3.1/../../../../arm-none-eabi/lib/thumb/v7e-m+fp/hard\libc_nano.a(lib_a-nano-svfprintf.o)
 .rodata._printf_i.str1.1
                0x0000000008009133       0x22 c:/st/stm32cubeide_1.4.0/stm32cubeide/plugins/com.st.stm32cube.ide.mcu.externaltools.gnu-tools-for-stm32.9-2020-q2-update.win32_2.0.0.202105311346/tools/bin/../lib/gcc/arm-none-eabi/9.3.1/../../../../arm-none-eabi/lib/thumb/v7e-m+fp/hard\libc_nano.a(lib_a-nano-vfprintf_i.o)
                0x0000000008009158                . = ALIGN (0x4)
 *fill*         0x0000000008009155        0x3 

.ARM.extab      0x0000000008009158        0x0
                0x0000000008009158                . = ALIGN (0x4)
 *(.ARM.extab* .gnu.linkonce.armextab.*)
                0x0000000008009158                . = ALIGN (0x4)

.ARM            0x0000000008009158        0x8
                0x0000000008009158                . = ALIGN (0x4)
                0x0000000008009158                __exidx_start = .
 *(.ARM.exidx*)
 .ARM.exidx     0x0000000008009158        0x8 c:/st/stm32cubeide_1.4.0/stm32cubeide/plugins/com.st.stm32cube.ide.mcu.externaltools.gnu-tools-for-stm32.9-2020-q2-update.win32_2.0.0.202105311346/tools/bin/../lib/gcc/arm-none-eabi/9.3.1/thumb/v7e-m+fp/hard\libgcc.a(_udivmoddi4.o)
                0x0000000008009160                __exidx_end = .
                0x0000000008009160                . = ALIGN (0x4)

.rel.dyn        0x0000000008009160        0x0
 .rel.iplt      0x0000000008009160        0x0 c:/st/stm32cubeide_1.4.0/stm32cubeide/plugins/com.st.stm32cube.ide.mcu.externaltools.gnu-tools-for-stm32.9-2020-q2-update.win32_2.0.0.202105311346/tools/bin/../lib/gcc/arm-none-eabi/9.3.1/thumb/v7e-m+fp/hard/crtbegin.o

.preinit_array  0x0000000008009160        0x0
                0x0000000008009160                . = ALIGN (0x4)
                0x0000000008009160                PROVIDE (__preinit_array_start = .)
 *(.preinit_array*)
                0x0000000008009160                PROVIDE (__preinit_array_end = .)
                0x0000000008009160                . = ALIGN (0x4)

.init_array     0x0000000008009160        0x4
                0x0000000008009160                . = ALIGN (0x4)
                0x0000000008009160                PROVIDE (__init_array_start = .)
 *(SORT_BY_NAME(.init_array.*))
 *(.init_array*)
 .init_array    0x0000000008009160        0x4 c:/st/stm32cubeide_1.4.0/stm32cubeide/plugins/com.st.stm32cube.ide.mcu.externaltools.gnu-tools-for-stm32.9-2020-q2-update.win32_2.0.0.202105311346/tools/bin/../lib/gcc/arm-none-eabi/9.3.1/thumb/v7e-m+fp/hard/crtbegin.o
                0x0000000008009164                PROVIDE (__init_array_end = .)
                0x0000000008009164                . = ALIGN (0x4)

.fini_array     0x0000000008009164        0x4
                0x0000000008009164                . = ALIGN (0x4)
                [!provide]                        PROVIDE (__fini_array_start = .)
 *(SORT_BY_NAME(.fini_array.*))
 *(.fini_array*)
 .fini_array    0x0000000008009164        0x4 c:/st/stm32cubeide_1.4.0/stm32cubeide/plugins/com.st.stm32cube.ide.mcu.externaltools.gnu-tools-for-stm32.9-2020-q2-update.win32_2.0.0.202105311346/tools/bin/../lib/gcc/arm-none-eabi/9.3.1/thumb/v7e-m+fp/hard/crtbegin.o
                [!provide]                        PROVIDE (__fini_array_end = .)
                0x0000000008009168                . = ALIGN (0x4)
                0x0000000008009168                _sidata = LOADADDR (.data)

.data           0x0000000020000000       0x80 load address 0x0000000008009168
                0x0000000020000000                . = ALIGN (0x4)
                0x0000000020000000                _sdata = .
 *(.data)
 *(.data*)
 .data.Encoder  0x0000000020000000        0x1 ./Core/Src/main.o
                0x0000000020000000                Encoder
 *fill*         0x0000000020000001        0x3 
 .data.SystemCoreClock
                0x0000000020000004        0x4 ./Core/Src/system_stm32f4xx.o
                0x0000000020000004                SystemCoreClock
 .data._width   0x0000000020000008        0x2 ./Core/Src/tft.o
                0x0000000020000008                _width
 .data._height  0x000000002000000a        0x2 ./Core/Src/tft.o
                0x000000002000000a                _height
 .data.textsize
                0x000000002000000c        0x1 ./Core/Src/tft.o
                0x000000002000000c                textsize
 *fill*         0x000000002000000d        0x1 
 .data.textcolor
                0x000000002000000e        0x2 ./Core/Src/tft.o
                0x000000002000000e                textcolor
 .data.textbgcolor
                0x0000000020000010        0x2 ./Core/Src/tft.o
                0x0000000020000010                textbgcolor
 .data.wrap     0x0000000020000012        0x1 ./Core/Src/tft.o
                0x0000000020000012                wrap
 *fill*         0x0000000020000013        0x1 
 .data.uwTickPrio
                0x0000000020000014        0x4 ./Drivers/STM32F4xx_HAL_Driver/Src/stm32f4xx_hal.o
                0x0000000020000014                uwTickPrio
 .data.uwTickFreq
                0x0000000020000018        0x1 ./Drivers/STM32F4xx_HAL_Driver/Src/stm32f4xx_hal.o
                0x0000000020000018                uwTickFreq
 *fill*         0x0000000020000019        0x3 
 .data._impure_ptr
                0x000000002000001c        0x4 c:/st/stm32cubeide_1.4.0/stm32cubeide/plugins/com.st.stm32cube.ide.mcu.externaltools.gnu-tools-for-stm32.9-2020-q2-update.win32_2.0.0.202105311346/tools/bin/../lib/gcc/arm-none-eabi/9.3.1/../../../../arm-none-eabi/lib/thumb/v7e-m+fp/hard\libc_nano.a(lib_a-impure.o)
                0x000000002000001c                _impure_ptr
 .data.impure_data
                0x0000000020000020       0x60 c:/st/stm32cubeide_1.4.0/stm32cubeide/plugins/com.st.stm32cube.ide.mcu.externaltools.gnu-tools-for-stm32.9-2020-q2-update.win32_2.0.0.202105311346/tools/bin/../lib/gcc/arm-none-eabi/9.3.1/../../../../arm-none-eabi/lib/thumb/v7e-m+fp/hard\libc_nano.a(lib_a-impure.o)
 *(.RamFunc)
 *(.RamFunc*)
                0x0000000020000080                . = ALIGN (0x4)
                0x0000000020000080                _edata = .

.igot.plt       0x0000000020000080        0x0 load address 0x00000000080091e8
 .igot.plt      0x0000000020000080        0x0 c:/st/stm32cubeide_1.4.0/stm32cubeide/plugins/com.st.stm32cube.ide.mcu.externaltools.gnu-tools-for-stm32.9-2020-q2-update.win32_2.0.0.202105311346/tools/bin/../lib/gcc/arm-none-eabi/9.3.1/thumb/v7e-m+fp/hard/crtbegin.o
                0x0000000020000080                . = ALIGN (0x4)

.bss            0x0000000020000080      0x140 load address 0x00000000080091e8
                0x0000000020000080                _sbss = .
                0x0000000020000080                __bss_start__ = _sbss
 *(.bss)
 .bss           0x0000000020000080       0x1c c:/st/stm32cubeide_1.4.0/stm32cubeide/plugins/com.st.stm32cube.ide.mcu.externaltools.gnu-tools-for-stm32.9-2020-q2-update.win32_2.0.0.202105311346/tools/bin/../lib/gcc/arm-none-eabi/9.3.1/thumb/v7e-m+fp/hard/crtbegin.o
 *(.bss*)
 .bss.__sbrk_heap_end
                0x000000002000009c        0x4 ./Core/Src/sysmem.o
 .bss.done_reset
                0x00000000200000a0        0x1 ./Core/Src/tft.o
 .bss.is8347    0x00000000200000a1        0x1 ./Core/Src/tft.o
 .bss.is555     0x00000000200000a2        0x1 ./Core/Src/tft.o
 .bss.is9797    0x00000000200000a3        0x1 ./Core/Src/tft.o
 .bss.cursor_y  0x00000000200000a4        0x1 ./Core/Src/tft.o
                0x00000000200000a4                cursor_y
 .bss.cursor_x  0x00000000200000a5        0x1 ./Core/Src/tft.o
                0x00000000200000a5                cursor_x
 .bss.rotation  0x00000000200000a6        0x1 ./Core/Src/tft.o
                0x00000000200000a6                rotation
 *fill*         0x00000000200000a7        0x1 
 .bss.__malloc_free_list
                0x00000000200000a8        0x4 c:/st/stm32cubeide_1.4.0/stm32cubeide/plugins/com.st.stm32cube.ide.mcu.externaltools.gnu-tools-for-stm32.9-2020-q2-update.win32_2.0.0.202105311346/tools/bin/../lib/gcc/arm-none-eabi/9.3.1/../../../../arm-none-eabi/lib/thumb/v7e-m+fp/hard\libc_nano.a(lib_a-nano-mallocr.o)
                0x00000000200000a8                __malloc_free_list
 .bss.__malloc_sbrk_start
                0x00000000200000ac        0x4 c:/st/stm32cubeide_1.4.0/stm32cubeide/plugins/com.st.stm32cube.ide.mcu.externaltools.gnu-tools-for-stm32.9-2020-q2-update.win32_2.0.0.202105311346/tools/bin/../lib/gcc/arm-none-eabi/9.3.1/../../../../arm-none-eabi/lib/thumb/v7e-m+fp/hard\libc_nano.a(lib_a-nano-mallocr.o)
                0x00000000200000ac                __malloc_sbrk_start
 *(COMMON)
 COMMON         0x00000000200000b0        0x4 ./Core/Src/fonts.o
                0x00000000200000b0                gfxFont
 COMMON         0x00000000200000b4       0xdd ./Core/Src/main.o
                0x00000000200000b4                ID
                0x00000000200000b8                htim3
                0x0000000020000100                htim2
                0x0000000020000148                huart2
                0x000000002000018c                cGraus
 *fill*         0x0000000020000191        0x1 
 COMMON         0x0000000020000192       0x1a ./Core/Src/tft.o
                0x0000000020000192                _lcd_drivOut
                0x0000000020000194                _MW
                0x0000000020000196                _lcd_capable
                0x0000000020000198                _SP
                0x000000002000019a                _lcd_rev
                0x000000002000019c                _MP
                0x000000002000019e                _MC
                0x00000000200001a0                _SC
                0x00000000200001a2                _EP
                0x00000000200001a4                _lcd_ID
                0x00000000200001a6                _lcd_xor
                0x00000000200001a8                _EC
                0x00000000200001aa                _lcd_madctl
 COMMON         0x00000000200001ac        0x4 ./Drivers/STM32F4xx_HAL_Driver/Src/stm32f4xx_hal.o
                0x00000000200001ac                uwTick
 COMMON         0x00000000200001b0        0x4 c:/st/stm32cubeide_1.4.0/stm32cubeide/plugins/com.st.stm32cube.ide.mcu.externaltools.gnu-tools-for-stm32.9-2020-q2-update.win32_2.0.0.202105311346/tools/bin/../lib/gcc/arm-none-eabi/9.3.1/../../../../arm-none-eabi/lib/thumb/v7e-m+fp/hard\libc_nano.a(lib_a-reent.o)
                0x00000000200001b0                errno
 COMMON         0x00000000200001b4        0x9 c:/st/stm32cubeide_1.4.0/stm32cubeide/plugins/com.st.stm32cube.ide.mcu.externaltools.gnu-tools-for-stm32.9-2020-q2-update.win32_2.0.0.202105311346/tools/bin/../lib/gcc/arm-none-eabi/9.3.1/../../../../arm-none-eabi/lib/thumb/v7e-m+fp/hard\libc_nano.a(lib_a-lock.o)
                0x00000000200001b4                __lock___atexit_recursive_mutex
                0x00000000200001b5                __lock___arc4random_mutex
                0x00000000200001b6                __lock___env_recursive_mutex
                0x00000000200001b7                __lock___sinit_recursive_mutex
                0x00000000200001b8                __lock___malloc_recursive_mutex
                0x00000000200001b9                __lock___at_quick_exit_mutex
                0x00000000200001ba                __lock___dd_hash_mutex
                0x00000000200001bb                __lock___tz_mutex
                0x00000000200001bc                __lock___sfp_recursive_mutex
                0x00000000200001c0                . = ALIGN (0x4)
 *fill*         0x00000000200001bd        0x3 
                0x00000000200001c0                _ebss = .
                0x00000000200001c0                __bss_end__ = _ebss

._user_heap_stack
                0x00000000200001c0      0x600 load address 0x00000000080091e8
                0x00000000200001c0                . = ALIGN (0x8)
                [!provide]                        PROVIDE (end = .)
                0x00000000200001c0                PROVIDE (_end = .)
                0x00000000200003c0                . = (. + _Min_Heap_Size)
 *fill*         0x00000000200001c0      0x200 
                0x00000000200007c0                . = (. + _Min_Stack_Size)
 *fill*         0x00000000200003c0      0x400 
                0x00000000200007c0                . = ALIGN (0x8)

/DISCARD/
 libc.a(*)
 libm.a(*)
 libgcc.a(*)

.ARM.attributes
                0x0000000000000000       0x30
 *(.ARM.attributes)
 .ARM.attributes
                0x0000000000000000       0x1e c:/st/stm32cubeide_1.4.0/stm32cubeide/plugins/com.st.stm32cube.ide.mcu.externaltools.gnu-tools-for-stm32.9-2020-q2-update.win32_2.0.0.202105311346/tools/bin/../lib/gcc/arm-none-eabi/9.3.1/thumb/v7e-m+fp/hard/crti.o
 .ARM.attributes
                0x000000000000001e       0x34 c:/st/stm32cubeide_1.4.0/stm32cubeide/plugins/com.st.stm32cube.ide.mcu.externaltools.gnu-tools-for-stm32.9-2020-q2-update.win32_2.0.0.202105311346/tools/bin/../lib/gcc/arm-none-eabi/9.3.1/thumb/v7e-m+fp/hard/crtbegin.o
 .ARM.attributes
                0x0000000000000052       0x39 ./Core/Src/fonts.o
 .ARM.attributes
                0x000000000000008b       0x34 ./Core/Src/main.o
 .ARM.attributes
                0x00000000000000bf       0x34 ./Core/Src/stm32f4xx_hal_msp.o
 .ARM.attributes
                0x00000000000000f3       0x34 ./Core/Src/stm32f4xx_it.o
 .ARM.attributes
                0x0000000000000127       0x34 ./Core/Src/sysmem.o
 .ARM.attributes
                0x000000000000015b       0x34 ./Core/Src/system_stm32f4xx.o
 .ARM.attributes
                0x000000000000018f       0x34 ./Core/Src/tft.o
 .ARM.attributes
                0x00000000000001c3       0x21 ./Core/Startup/startup_stm32f446retx.o
 .ARM.attributes
                0x00000000000001e4       0x34 ./Drivers/STM32F4xx_HAL_Driver/Src/stm32f4xx_hal.o
 .ARM.attributes
                0x0000000000000218       0x34 ./Drivers/STM32F4xx_HAL_Driver/Src/stm32f4xx_hal_cortex.o
 .ARM.attributes
                0x000000000000024c       0x34 ./Drivers/STM32F4xx_HAL_Driver/Src/stm32f4xx_hal_gpio.o
 .ARM.attributes
                0x0000000000000280       0x34 ./Drivers/STM32F4xx_HAL_Driver/Src/stm32f4xx_hal_rcc.o
 .ARM.attributes
                0x00000000000002b4       0x34 ./Drivers/STM32F4xx_HAL_Driver/Src/stm32f4xx_hal_rcc_ex.o
 .ARM.attributes
                0x00000000000002e8       0x34 ./Drivers/STM32F4xx_HAL_Driver/Src/stm32f4xx_hal_tim.o
 .ARM.attributes
                0x000000000000031c       0x34 ./Drivers/STM32F4xx_HAL_Driver/Src/stm32f4xx_hal_tim_ex.o
 .ARM.attributes
                0x0000000000000350       0x34 ./Drivers/STM32F4xx_HAL_Driver/Src/stm32f4xx_hal_uart.o
 .ARM.attributes
                0x0000000000000384       0x34 c:/st/stm32cubeide_1.4.0/stm32cubeide/plugins/com.st.stm32cube.ide.mcu.externaltools.gnu-tools-for-stm32.9-2020-q2-update.win32_2.0.0.202105311346/tools/bin/../lib/gcc/arm-none-eabi/9.3.1/../../../../arm-none-eabi/lib/thumb/v7e-m+fp/hard\libc_nano.a(lib_a-errno.o)
 .ARM.attributes
                0x00000000000003b8       0x32 c:/st/stm32cubeide_1.4.0/stm32cubeide/plugins/com.st.stm32cube.ide.mcu.externaltools.gnu-tools-for-stm32.9-2020-q2-update.win32_2.0.0.202105311346/tools/bin/../lib/gcc/arm-none-eabi/9.3.1/../../../../arm-none-eabi/lib/thumb/v7e-m+fp/hard\libc_nano.a(lib_a-impure.o)
 .ARM.attributes
                0x00000000000003ea       0x34 c:/st/stm32cubeide_1.4.0/stm32cubeide/plugins/com.st.stm32cube.ide.mcu.externaltools.gnu-tools-for-stm32.9-2020-q2-update.win32_2.0.0.202105311346/tools/bin/../lib/gcc/arm-none-eabi/9.3.1/../../../../arm-none-eabi/lib/thumb/v7e-m+fp/hard\libc_nano.a(lib_a-init.o)
 .ARM.attributes
                0x000000000000041e       0x34 c:/st/stm32cubeide_1.4.0/stm32cubeide/plugins/com.st.stm32cube.ide.mcu.externaltools.gnu-tools-for-stm32.9-2020-q2-update.win32_2.0.0.202105311346/tools/bin/../lib/gcc/arm-none-eabi/9.3.1/../../../../arm-none-eabi/lib/thumb/v7e-m+fp/hard\libc_nano.a(lib_a-memset.o)
 .ARM.attributes
                0x0000000000000452       0x34 c:/st/stm32cubeide_1.4.0/stm32cubeide/plugins/com.st.stm32cube.ide.mcu.externaltools.gnu-tools-for-stm32.9-2020-q2-update.win32_2.0.0.202105311346/tools/bin/../lib/gcc/arm-none-eabi/9.3.1/../../../../arm-none-eabi/lib/thumb/v7e-m+fp/hard\libc_nano.a(lib_a-sprintf.o)
 .ARM.attributes
                0x0000000000000486       0x34 c:/st/stm32cubeide_1.4.0/stm32cubeide/plugins/com.st.stm32cube.ide.mcu.externaltools.gnu-tools-for-stm32.9-2020-q2-update.win32_2.0.0.202105311346/tools/bin/../lib/gcc/arm-none-eabi/9.3.1/../../../../arm-none-eabi/lib/thumb/v7e-m+fp/hard\libc_nano.a(lib_a-nano-svfprintf.o)
 .ARM.attributes
                0x00000000000004ba       0x34 c:/st/stm32cubeide_1.4.0/stm32cubeide/plugins/com.st.stm32cube.ide.mcu.externaltools.gnu-tools-for-stm32.9-2020-q2-update.win32_2.0.0.202105311346/tools/bin/../lib/gcc/arm-none-eabi/9.3.1/../../../../arm-none-eabi/lib/thumb/v7e-m+fp/hard\libc_nano.a(lib_a-nano-vfprintf_i.o)
 .ARM.attributes
                0x00000000000004ee       0x1c c:/st/stm32cubeide_1.4.0/stm32cubeide/plugins/com.st.stm32cube.ide.mcu.externaltools.gnu-tools-for-stm32.9-2020-q2-update.win32_2.0.0.202105311346/tools/bin/../lib/gcc/arm-none-eabi/9.3.1/../../../../arm-none-eabi/lib/thumb/v7e-m+fp/hard\libc_nano.a(lib_a-memchr.o)
 .ARM.attributes
                0x000000000000050a       0x34 c:/st/stm32cubeide_1.4.0/stm32cubeide/plugins/com.st.stm32cube.ide.mcu.externaltools.gnu-tools-for-stm32.9-2020-q2-update.win32_2.0.0.202105311346/tools/bin/../lib/gcc/arm-none-eabi/9.3.1/../../../../arm-none-eabi/lib/thumb/v7e-m+fp/hard\libc_nano.a(lib_a-memcpy-stub.o)
 .ARM.attributes
                0x000000000000053e       0x34 c:/st/stm32cubeide_1.4.0/stm32cubeide/plugins/com.st.stm32cube.ide.mcu.externaltools.gnu-tools-for-stm32.9-2020-q2-update.win32_2.0.0.202105311346/tools/bin/../lib/gcc/arm-none-eabi/9.3.1/../../../../arm-none-eabi/lib/thumb/v7e-m+fp/hard\libc_nano.a(lib_a-memmove.o)
 .ARM.attributes
                0x0000000000000572       0x34 c:/st/stm32cubeide_1.4.0/stm32cubeide/plugins/com.st.stm32cube.ide.mcu.externaltools.gnu-tools-for-stm32.9-2020-q2-update.win32_2.0.0.202105311346/tools/bin/../lib/gcc/arm-none-eabi/9.3.1/../../../../arm-none-eabi/lib/thumb/v7e-m+fp/hard\libc_nano.a(lib_a-nano-freer.o)
 .ARM.attributes
                0x00000000000005a6       0x34 c:/st/stm32cubeide_1.4.0/stm32cubeide/plugins/com.st.stm32cube.ide.mcu.externaltools.gnu-tools-for-stm32.9-2020-q2-update.win32_2.0.0.202105311346/tools/bin/../lib/gcc/arm-none-eabi/9.3.1/../../../../arm-none-eabi/lib/thumb/v7e-m+fp/hard\libc_nano.a(lib_a-nano-mallocr.o)
 .ARM.attributes
                0x00000000000005da       0x34 c:/st/stm32cubeide_1.4.0/stm32cubeide/plugins/com.st.stm32cube.ide.mcu.externaltools.gnu-tools-for-stm32.9-2020-q2-update.win32_2.0.0.202105311346/tools/bin/../lib/gcc/arm-none-eabi/9.3.1/../../../../arm-none-eabi/lib/thumb/v7e-m+fp/hard\libc_nano.a(lib_a-nano-reallocr.o)
 .ARM.attributes
                0x000000000000060e       0x34 c:/st/stm32cubeide_1.4.0/stm32cubeide/plugins/com.st.stm32cube.ide.mcu.externaltools.gnu-tools-for-stm32.9-2020-q2-update.win32_2.0.0.202105311346/tools/bin/../lib/gcc/arm-none-eabi/9.3.1/../../../../arm-none-eabi/lib/thumb/v7e-m+fp/hard\libc_nano.a(lib_a-sbrkr.o)
 .ARM.attributes
                0x0000000000000642       0x34 c:/st/stm32cubeide_1.4.0/stm32cubeide/plugins/com.st.stm32cube.ide.mcu.externaltools.gnu-tools-for-stm32.9-2020-q2-update.win32_2.0.0.202105311346/tools/bin/../lib/gcc/arm-none-eabi/9.3.1/../../../../arm-none-eabi/lib/thumb/v7e-m+fp/hard\libc_nano.a(lib_a-mlock.o)
 .ARM.attributes
                0x0000000000000676       0x34 c:/st/stm32cubeide_1.4.0/stm32cubeide/plugins/com.st.stm32cube.ide.mcu.externaltools.gnu-tools-for-stm32.9-2020-q2-update.win32_2.0.0.202105311346/tools/bin/../lib/gcc/arm-none-eabi/9.3.1/../../../../arm-none-eabi/lib/thumb/v7e-m+fp/hard\libc_nano.a(lib_a-nano-msizer.o)
 .ARM.attributes
                0x00000000000006aa       0x34 c:/st/stm32cubeide_1.4.0/stm32cubeide/plugins/com.st.stm32cube.ide.mcu.externaltools.gnu-tools-for-stm32.9-2020-q2-update.win32_2.0.0.202105311346/tools/bin/../lib/gcc/arm-none-eabi/9.3.1/../../../../arm-none-eabi/lib/thumb/v7e-m+fp/hard\libc_nano.a(lib_a-reent.o)
 .ARM.attributes
                0x00000000000006de       0x34 c:/st/stm32cubeide_1.4.0/stm32cubeide/plugins/com.st.stm32cube.ide.mcu.externaltools.gnu-tools-for-stm32.9-2020-q2-update.win32_2.0.0.202105311346/tools/bin/../lib/gcc/arm-none-eabi/9.3.1/../../../../arm-none-eabi/lib/thumb/v7e-m+fp/hard\libc_nano.a(lib_a-lock.o)
 .ARM.attributes
                0x0000000000000712       0x1e c:/st/stm32cubeide_1.4.0/stm32cubeide/plugins/com.st.stm32cube.ide.mcu.externaltools.gnu-tools-for-stm32.9-2020-q2-update.win32_2.0.0.202105311346/tools/bin/../lib/gcc/arm-none-eabi/9.3.1/thumb/v7e-m+fp/hard\libgcc.a(_aeabi_uldivmod.o)
 .ARM.attributes
                0x0000000000000730       0x34 c:/st/stm32cubeide_1.4.0/stm32cubeide/plugins/com.st.stm32cube.ide.mcu.externaltools.gnu-tools-for-stm32.9-2020-q2-update.win32_2.0.0.202105311346/tools/bin/../lib/gcc/arm-none-eabi/9.3.1/thumb/v7e-m+fp/hard\libgcc.a(_udivmoddi4.o)
 .ARM.attributes
                0x0000000000000764       0x1e c:/st/stm32cubeide_1.4.0/stm32cubeide/plugins/com.st.stm32cube.ide.mcu.externaltools.gnu-tools-for-stm32.9-2020-q2-update.win32_2.0.0.202105311346/tools/bin/../lib/gcc/arm-none-eabi/9.3.1/thumb/v7e-m+fp/hard\libgcc.a(_dvmd_tls.o)
 .ARM.attributes
                0x0000000000000782       0x1e c:/st/stm32cubeide_1.4.0/stm32cubeide/plugins/com.st.stm32cube.ide.mcu.externaltools.gnu-tools-for-stm32.9-2020-q2-update.win32_2.0.0.202105311346/tools/bin/../lib/gcc/arm-none-eabi/9.3.1/thumb/v7e-m+fp/hard/crtn.o
OUTPUT(TIMER_1.elf elf32-littlearm)
LOAD linker stubs
LOAD c:/st/stm32cubeide_1.4.0/stm32cubeide/plugins/com.st.stm32cube.ide.mcu.externaltools.gnu-tools-for-stm32.9-2020-q2-update.win32_2.0.0.202105311346/tools/bin/../lib/gcc/arm-none-eabi/9.3.1/../../../../arm-none-eabi/lib/thumb/v7e-m+fp/hard\libc.a
LOAD c:/st/stm32cubeide_1.4.0/stm32cubeide/plugins/com.st.stm32cube.ide.mcu.externaltools.gnu-tools-for-stm32.9-2020-q2-update.win32_2.0.0.202105311346/tools/bin/../lib/gcc/arm-none-eabi/9.3.1/../../../../arm-none-eabi/lib/thumb/v7e-m+fp/hard\libm.a
LOAD c:/st/stm32cubeide_1.4.0/stm32cubeide/plugins/com.st.stm32cube.ide.mcu.externaltools.gnu-tools-for-stm32.9-2020-q2-update.win32_2.0.0.202105311346/tools/bin/../lib/gcc/arm-none-eabi/9.3.1/thumb/v7e-m+fp/hard\libgcc.a

.debug_info     0x0000000000000000    0x12ba5
 .debug_info    0x0000000000000000      0x3c1 ./Core/Src/fonts.o
 .debug_info    0x00000000000003c1     0x1b63 ./Core/Src/main.o
 .debug_info    0x0000000000001f24      0xe4c ./Core/Src/stm32f4xx_hal_msp.o
 .debug_info    0x0000000000002d70      0x222 ./Core/Src/stm32f4xx_it.o
 .debug_info    0x0000000000002f92      0xa25 ./Core/Src/sysmem.o
 .debug_info    0x00000000000039b7      0x5dc ./Core/Src/system_stm32f4xx.o
 .debug_info    0x0000000000003f93     0x425e ./Core/Src/tft.o
 .debug_info    0x00000000000081f1       0x22 ./Core/Startup/startup_stm32f446retx.o
 .debug_info    0x0000000000008213      0xa08 ./Drivers/STM32F4xx_HAL_Driver/Src/stm32f4xx_hal.o
 .debug_info    0x0000000000008c1b      0xef5 ./Drivers/STM32F4xx_HAL_Driver/Src/stm32f4xx_hal_cortex.o
 .debug_info    0x0000000000009b10      0x892 ./Drivers/STM32F4xx_HAL_Driver/Src/stm32f4xx_hal_gpio.o
 .debug_info    0x000000000000a3a2      0x9db ./Drivers/STM32F4xx_HAL_Driver/Src/stm32f4xx_hal_rcc.o
 .debug_info    0x000000000000ad7d      0xa86 ./Drivers/STM32F4xx_HAL_Driver/Src/stm32f4xx_hal_rcc_ex.o
 .debug_info    0x000000000000b803     0x2c22 ./Drivers/STM32F4xx_HAL_Driver/Src/stm32f4xx_hal_tim.o
 .debug_info    0x000000000000e425     0x15a2 ./Drivers/STM32F4xx_HAL_Driver/Src/stm32f4xx_hal_tim_ex.o
 .debug_info    0x000000000000f9c7     0x31de ./Drivers/STM32F4xx_HAL_Driver/Src/stm32f4xx_hal_uart.o

.debug_abbrev   0x0000000000000000     0x20f4
 .debug_abbrev  0x0000000000000000       0xda ./Core/Src/fonts.o
 .debug_abbrev  0x00000000000000da      0x2dd ./Core/Src/main.o
 .debug_abbrev  0x00000000000003b7      0x1db ./Core/Src/stm32f4xx_hal_msp.o
 .debug_abbrev  0x0000000000000592       0xd2 ./Core/Src/stm32f4xx_it.o
 .debug_abbrev  0x0000000000000664      0x1bf ./Core/Src/sysmem.o
 .debug_abbrev  0x0000000000000823      0x145 ./Core/Src/system_stm32f4xx.o
 .debug_abbrev  0x0000000000000968      0x45a ./Core/Src/tft.o
 .debug_abbrev  0x0000000000000dc2       0x12 ./Core/Startup/startup_stm32f446retx.o
 .debug_abbrev  0x0000000000000dd4      0x1ed ./Drivers/STM32F4xx_HAL_Driver/Src/stm32f4xx_hal.o
 .debug_abbrev  0x0000000000000fc1      0x33c ./Drivers/STM32F4xx_HAL_Driver/Src/stm32f4xx_hal_cortex.o
 .debug_abbrev  0x00000000000012fd      0x1f1 ./Drivers/STM32F4xx_HAL_Driver/Src/stm32f4xx_hal_gpio.o
 .debug_abbrev  0x00000000000014ee      0x275 ./Drivers/STM32F4xx_HAL_Driver/Src/stm32f4xx_hal_rcc.o
 .debug_abbrev  0x0000000000001763      0x1e2 ./Drivers/STM32F4xx_HAL_Driver/Src/stm32f4xx_hal_rcc_ex.o
 .debug_abbrev  0x0000000000001945      0x25e ./Drivers/STM32F4xx_HAL_Driver/Src/stm32f4xx_hal_tim.o
 .debug_abbrev  0x0000000000001ba3      0x266 ./Drivers/STM32F4xx_HAL_Driver/Src/stm32f4xx_hal_tim_ex.o
 .debug_abbrev  0x0000000000001e09      0x2eb ./Drivers/STM32F4xx_HAL_Driver/Src/stm32f4xx_hal_uart.o

.debug_aranges  0x0000000000000000      0xf08
 .debug_aranges
                0x0000000000000000       0x18 ./Core/Src/fonts.o
 .debug_aranges
                0x0000000000000018       0x50 ./Core/Src/main.o
 .debug_aranges
                0x0000000000000068       0x48 ./Core/Src/stm32f4xx_hal_msp.o
 .debug_aranges
                0x00000000000000b0       0x60 ./Core/Src/stm32f4xx_it.o
 .debug_aranges
                0x0000000000000110       0x20 ./Core/Src/sysmem.o
 .debug_aranges
                0x0000000000000130       0x28 ./Core/Src/system_stm32f4xx.o
 .debug_aranges
                0x0000000000000158      0x2f0 ./Core/Src/tft.o
 .debug_aranges
                0x0000000000000448       0x28 ./Core/Startup/startup_stm32f446retx.o
 .debug_aranges
                0x0000000000000470       0xf0 ./Drivers/STM32F4xx_HAL_Driver/Src/stm32f4xx_hal.o
 .debug_aranges
                0x0000000000000560      0x118 ./Drivers/STM32F4xx_HAL_Driver/Src/stm32f4xx_hal_cortex.o
 .debug_aranges
                0x0000000000000678       0x58 ./Drivers/STM32F4xx_HAL_Driver/Src/stm32f4xx_hal_gpio.o
 .debug_aranges
                0x00000000000006d0       0x88 ./Drivers/STM32F4xx_HAL_Driver/Src/stm32f4xx_hal_rcc.o
 .debug_aranges
                0x0000000000000758       0x78 ./Drivers/STM32F4xx_HAL_Driver/Src/stm32f4xx_hal_rcc_ex.o
 .debug_aranges
                0x00000000000007d0      0x3d0 ./Drivers/STM32F4xx_HAL_Driver/Src/stm32f4xx_hal_tim.o
 .debug_aranges
                0x0000000000000ba0      0x168 ./Drivers/STM32F4xx_HAL_Driver/Src/stm32f4xx_hal_tim_ex.o
 .debug_aranges
                0x0000000000000d08      0x200 ./Drivers/STM32F4xx_HAL_Driver/Src/stm32f4xx_hal_uart.o

.debug_macro    0x0000000000000000    0x22481
 .debug_macro   0x0000000000000000       0x6d ./Core/Src/fonts.o
 .debug_macro   0x000000000000006d      0xaa8 ./Core/Src/fonts.o
 .debug_macro   0x0000000000000b15       0x22 ./Core/Src/fonts.o
 .debug_macro   0x0000000000000b37       0x8e ./Core/Src/fonts.o
 .debug_macro   0x0000000000000bc5       0x51 ./Core/Src/fonts.o
 .debug_macro   0x0000000000000c16      0x103 ./Core/Src/fonts.o
 .debug_macro   0x0000000000000d19       0x6a ./Core/Src/fonts.o
 .debug_macro   0x0000000000000d83      0x1df ./Core/Src/fonts.o
 .debug_macro   0x0000000000000f62      0x36b ./Core/Src/main.o
 .debug_macro   0x00000000000012cd      0x29b ./Core/Src/main.o
 .debug_macro   0x0000000000001568       0x2e ./Core/Src/main.o
 .debug_macro   0x0000000000001596       0x28 ./Core/Src/main.o
 .debug_macro   0x00000000000015be       0x1c ./Core/Src/main.o
 .debug_macro   0x00000000000015da       0x22 ./Core/Src/main.o
 .debug_macro   0x00000000000015fc       0xdf ./Core/Src/main.o
 .debug_macro   0x00000000000016db     0x102d ./Core/Src/main.o
 .debug_macro   0x0000000000002708      0x11f ./Core/Src/main.o
 .debug_macro   0x0000000000002827    0x16749 ./Core/Src/main.o
 .debug_macro   0x0000000000018f70       0x6d ./Core/Src/main.o
 .debug_macro   0x0000000000018fdd     0x3666 ./Core/Src/main.o
 .debug_macro   0x000000000001c643      0x174 ./Core/Src/main.o
 .debug_macro   0x000000000001c7b7       0x5c ./Core/Src/main.o
 .debug_macro   0x000000000001c813      0xc90 ./Core/Src/main.o
 .debug_macro   0x000000000001d4a3      0x9fe ./Core/Src/main.o
 .debug_macro   0x000000000001dea1      0x116 ./Core/Src/main.o
 .debug_macro   0x000000000001dfb7      0x1a0 ./Core/Src/main.o
 .debug_macro   0x000000000001e157       0xa5 ./Core/Src/main.o
 .debug_macro   0x000000000001e1fc      0x16d ./Core/Src/main.o
 .debug_macro   0x000000000001e369      0x287 ./Core/Src/main.o
 .debug_macro   0x000000000001e5f0       0x5f ./Core/Src/main.o
 .debug_macro   0x000000000001e64f      0x236 ./Core/Src/main.o
 .debug_macro   0x000000000001e885      0x132 ./Core/Src/main.o
 .debug_macro   0x000000000001e9b7      0x29c ./Core/Src/main.o
 .debug_macro   0x000000000001ec53       0x2e ./Core/Src/main.o
 .debug_macro   0x000000000001ec81      0x11a ./Core/Src/main.o
 .debug_macro   0x000000000001ed9b       0xe8 ./Core/Src/main.o
 .debug_macro   0x000000000001ee83       0x89 ./Core/Src/main.o
 .debug_macro   0x000000000001ef0c      0x8d1 ./Core/Src/main.o
 .debug_macro   0x000000000001f7dd       0x4d ./Core/Src/main.o
 .debug_macro   0x000000000001f82a      0x295 ./Core/Src/main.o
 .debug_macro   0x000000000001fabf      0x126 ./Core/Src/main.o
 .debug_macro   0x000000000001fbe5       0x70 ./Core/Src/main.o
 .debug_macro   0x000000000001fc55       0x52 ./Core/Src/main.o
 .debug_macro   0x000000000001fca7       0x18 ./Core/Src/main.o
 .debug_macro   0x000000000001fcbf       0x3c ./Core/Src/main.o
 .debug_macro   0x000000000001fcfb       0x34 ./Core/Src/main.o
 .debug_macro   0x000000000001fd2f       0x16 ./Core/Src/main.o
 .debug_macro   0x000000000001fd45       0x35 ./Core/Src/main.o
 .debug_macro   0x000000000001fd7a      0x333 ./Core/Src/main.o
 .debug_macro   0x00000000000200ad       0x10 ./Core/Src/main.o
 .debug_macro   0x00000000000200bd       0x16 ./Core/Src/main.o
 .debug_macro   0x00000000000200d3       0x43 ./Core/Src/main.o
 .debug_macro   0x0000000000020116       0x34 ./Core/Src/main.o
 .debug_macro   0x000000000002014a       0x10 ./Core/Src/main.o
 .debug_macro   0x000000000002015a       0x58 ./Core/Src/main.o
 .debug_macro   0x00000000000201b2       0x71 ./Core/Src/main.o
 .debug_macro   0x0000000000020223       0x1c ./Core/Src/main.o
 .debug_macro   0x000000000002023f      0x12a ./Core/Src/main.o
 .debug_macro   0x0000000000020369       0x10 ./Core/Src/main.o
 .debug_macro   0x0000000000020379       0x1c ./Core/Src/main.o
 .debug_macro   0x0000000000020395       0x52 ./Core/Src/main.o
 .debug_macro   0x00000000000203e7       0x22 ./Core/Src/main.o
 .debug_macro   0x0000000000020409       0x10 ./Core/Src/main.o
 .debug_macro   0x0000000000020419       0x40 ./Core/Src/main.o
 .debug_macro   0x0000000000020459       0xd5 ./Core/Src/main.o
 .debug_macro   0x000000000002052e       0x1c ./Core/Src/main.o
 .debug_macro   0x000000000002054a       0x3d ./Core/Src/main.o
 .debug_macro   0x0000000000020587       0x16 ./Core/Src/main.o
 .debug_macro   0x000000000002059d      0x145 ./Core/Src/main.o
 .debug_macro   0x00000000000206e2       0x3a ./Core/Src/main.o
 .debug_macro   0x000000000002071c       0x6a ./Core/Src/main.o
 .debug_macro   0x0000000000020786       0xcc ./Core/Src/main.o
 .debug_macro   0x0000000000020852      0x1dd ./Core/Src/stm32f4xx_hal_msp.o
 .debug_macro   0x0000000000020a2f      0x1e7 ./Core/Src/stm32f4xx_it.o
 .debug_macro   0x0000000000020c16       0xff ./Core/Src/sysmem.o
 .debug_macro   0x0000000000020d15      0x23b ./Core/Src/sysmem.o
 .debug_macro   0x0000000000020f50      0x1ce ./Core/Src/system_stm32f4xx.o
 .debug_macro   0x000000000002111e      0x437 ./Core/Src/tft.o
 .debug_macro   0x0000000000021555       0x10 ./Core/Src/tft.o
 .debug_macro   0x0000000000021565       0x20 ./Core/Src/tft.o
 .debug_macro   0x0000000000021585      0x22e ./Drivers/STM32F4xx_HAL_Driver/Src/stm32f4xx_hal.o
 .debug_macro   0x00000000000217b3      0x1ce ./Drivers/STM32F4xx_HAL_Driver/Src/stm32f4xx_hal_cortex.o
 .debug_macro   0x0000000000021981      0x1d4 ./Drivers/STM32F4xx_HAL_Driver/Src/stm32f4xx_hal_gpio.o
 .debug_macro   0x0000000000021b55      0x1f2 ./Drivers/STM32F4xx_HAL_Driver/Src/stm32f4xx_hal_rcc.o
 .debug_macro   0x0000000000021d47      0x1ce ./Drivers/STM32F4xx_HAL_Driver/Src/stm32f4xx_hal_rcc_ex.o
 .debug_macro   0x0000000000021f15      0x1cf ./Drivers/STM32F4xx_HAL_Driver/Src/stm32f4xx_hal_tim.o
 .debug_macro   0x00000000000220e4      0x1ce ./Drivers/STM32F4xx_HAL_Driver/Src/stm32f4xx_hal_tim_ex.o
 .debug_macro   0x00000000000222b2      0x1cf ./Drivers/STM32F4xx_HAL_Driver/Src/stm32f4xx_hal_uart.o

.debug_line     0x0000000000000000    0x115d0
 .debug_line    0x0000000000000000      0x38a ./Core/Src/fonts.o
 .debug_line    0x000000000000038a      0xb10 ./Core/Src/main.o
 .debug_line    0x0000000000000e9a      0x79c ./Core/Src/stm32f4xx_hal_msp.o
 .debug_line    0x0000000000001636      0x789 ./Core/Src/stm32f4xx_it.o
 .debug_line    0x0000000000001dbf      0x4f8 ./Core/Src/sysmem.o
 .debug_line    0x00000000000022b7      0x748 ./Core/Src/system_stm32f4xx.o
 .debug_line    0x00000000000029ff     0x2eba ./Core/Src/tft.o
 .debug_line    0x00000000000058b9       0x88 ./Core/Startup/startup_stm32f446retx.o
 .debug_line    0x0000000000005941      0x9ae ./Drivers/STM32F4xx_HAL_Driver/Src/stm32f4xx_hal.o
 .debug_line    0x00000000000062ef      0xc5d ./Drivers/STM32F4xx_HAL_Driver/Src/stm32f4xx_hal_cortex.o
 .debug_line    0x0000000000006f4c      0xb10 ./Drivers/STM32F4xx_HAL_Driver/Src/stm32f4xx_hal_gpio.o
 .debug_line    0x0000000000007a5c      0xd36 ./Drivers/STM32F4xx_HAL_Driver/Src/stm32f4xx_hal_rcc.o
 .debug_line    0x0000000000008792     0x13bc ./Drivers/STM32F4xx_HAL_Driver/Src/stm32f4xx_hal_rcc_ex.o
 .debug_line    0x0000000000009b4e     0x36a2 ./Drivers/STM32F4xx_HAL_Driver/Src/stm32f4xx_hal_tim.o
 .debug_line    0x000000000000d1f0     0x19ab ./Drivers/STM32F4xx_HAL_Driver/Src/stm32f4xx_hal_tim_ex.o
 .debug_line    0x000000000000eb9b     0x2a35 ./Drivers/STM32F4xx_HAL_Driver/Src/stm32f4xx_hal_uart.o

.debug_str      0x0000000000000000    0xd277b
 .debug_str     0x0000000000000000     0x3d42 ./Core/Src/fonts.o
                                       0x3ed2 (size before relaxing)
 .debug_str     0x0000000000003d42    0xca434 ./Core/Src/main.o
                                      0xce46d (size before relaxing)
 .debug_str     0x00000000000ce176       0xa5 ./Core/Src/stm32f4xx_hal_msp.o
                                      0xc9a39 (size before relaxing)
 .debug_str     0x00000000000ce21b       0xbd ./Core/Src/stm32f4xx_it.o
                                      0xc91b7 (size before relaxing)
 .debug_str     0x00000000000ce2d8      0x4e9 ./Core/Src/sysmem.o
                                       0x62a5 (size before relaxing)
 .debug_str     0x00000000000ce7c1       0xaf ./Core/Src/system_stm32f4xx.o
                                      0xc913e (size before relaxing)
 .debug_str     0x00000000000ce870     0x115d ./Core/Src/tft.o
                                      0xce096 (size before relaxing)
 .debug_str     0x00000000000cf9cd       0x36 ./Core/Startup/startup_stm32f446retx.o
                                         0x76 (size before relaxing)
 .debug_str     0x00000000000cfa03      0xa8f ./Drivers/STM32F4xx_HAL_Driver/Src/stm32f4xx_hal.o
                                      0xc9c61 (size before relaxing)
 .debug_str     0x00000000000d0492      0x399 ./Drivers/STM32F4xx_HAL_Driver/Src/stm32f4xx_hal_cortex.o
                                      0xc9a2b (size before relaxing)
 .debug_str     0x00000000000d082b      0x150 ./Drivers/STM32F4xx_HAL_Driver/Src/stm32f4xx_hal_gpio.o
                                      0xc92e5 (size before relaxing)
 .debug_str     0x00000000000d097b      0x259 ./Drivers/STM32F4xx_HAL_Driver/Src/stm32f4xx_hal_rcc.o
                                      0xc9545 (size before relaxing)
 .debug_str     0x00000000000d0bd4      0x324 ./Drivers/STM32F4xx_HAL_Driver/Src/stm32f4xx_hal_rcc_ex.o
                                      0xc95a2 (size before relaxing)
 .debug_str     0x00000000000d0ef8      0xd91 ./Drivers/STM32F4xx_HAL_Driver/Src/stm32f4xx_hal_tim.o
                                      0xca448 (size before relaxing)
 .debug_str     0x00000000000d1c89      0x4ee ./Drivers/STM32F4xx_HAL_Driver/Src/stm32f4xx_hal_tim_ex.o
                                      0xc9bf9 (size before relaxing)
 .debug_str     0x00000000000d2177      0x604 ./Drivers/STM32F4xx_HAL_Driver/Src/stm32f4xx_hal_uart.o
                                      0xc9aa1 (size before relaxing)

.comment        0x0000000000000000       0x53
 .comment       0x0000000000000000       0x53 ./Core/Src/fonts.o
                                         0x54 (size before relaxing)
 .comment       0x0000000000000053       0x54 ./Core/Src/main.o
 .comment       0x0000000000000053       0x54 ./Core/Src/stm32f4xx_hal_msp.o
 .comment       0x0000000000000053       0x54 ./Core/Src/stm32f4xx_it.o
 .comment       0x0000000000000053       0x54 ./Core/Src/sysmem.o
 .comment       0x0000000000000053       0x54 ./Core/Src/system_stm32f4xx.o
 .comment       0x0000000000000053       0x54 ./Core/Src/tft.o
 .comment       0x0000000000000053       0x54 ./Drivers/STM32F4xx_HAL_Driver/Src/stm32f4xx_hal.o
 .comment       0x0000000000000053       0x54 ./Drivers/STM32F4xx_HAL_Driver/Src/stm32f4xx_hal_cortex.o
 .comment       0x0000000000000053       0x54 ./Drivers/STM32F4xx_HAL_Driver/Src/stm32f4xx_hal_gpio.o
 .comment       0x0000000000000053       0x54 ./Drivers/STM32F4xx_HAL_Driver/Src/stm32f4xx_hal_rcc.o
 .comment       0x0000000000000053       0x54 ./Drivers/STM32F4xx_HAL_Driver/Src/stm32f4xx_hal_rcc_ex.o
 .comment       0x0000000000000053       0x54 ./Drivers/STM32F4xx_HAL_Driver/Src/stm32f4xx_hal_tim.o
 .comment       0x0000000000000053       0x54 ./Drivers/STM32F4xx_HAL_Driver/Src/stm32f4xx_hal_tim_ex.o
 .comment       0x0000000000000053       0x54 ./Drivers/STM32F4xx_HAL_Driver/Src/stm32f4xx_hal_uart.o

.debug_ranges   0x0000000000000000      0xe38
 .debug_ranges  0x0000000000000000       0x40 ./Core/Src/main.o
 .debug_ranges  0x0000000000000040       0x38 ./Core/Src/stm32f4xx_hal_msp.o
 .debug_ranges  0x0000000000000078       0x50 ./Core/Src/stm32f4xx_it.o
 .debug_ranges  0x00000000000000c8       0x10 ./Core/Src/sysmem.o
 .debug_ranges  0x00000000000000d8       0x18 ./Core/Src/system_stm32f4xx.o
 .debug_ranges  0x00000000000000f0      0x2e0 ./Core/Src/tft.o
 .debug_ranges  0x00000000000003d0       0x20 ./Core/Startup/startup_stm32f446retx.o
 .debug_ranges  0x00000000000003f0       0xe0 ./Drivers/STM32F4xx_HAL_Driver/Src/stm32f4xx_hal.o
 .debug_ranges  0x00000000000004d0      0x108 ./Drivers/STM32F4xx_HAL_Driver/Src/stm32f4xx_hal_cortex.o
 .debug_ranges  0x00000000000005d8       0x48 ./Drivers/STM32F4xx_HAL_Driver/Src/stm32f4xx_hal_gpio.o
 .debug_ranges  0x0000000000000620       0x78 ./Drivers/STM32F4xx_HAL_Driver/Src/stm32f4xx_hal_rcc.o
 .debug_ranges  0x0000000000000698       0x68 ./Drivers/STM32F4xx_HAL_Driver/Src/stm32f4xx_hal_rcc_ex.o
 .debug_ranges  0x0000000000000700      0x3c0 ./Drivers/STM32F4xx_HAL_Driver/Src/stm32f4xx_hal_tim.o
 .debug_ranges  0x0000000000000ac0      0x158 ./Drivers/STM32F4xx_HAL_Driver/Src/stm32f4xx_hal_tim_ex.o
 .debug_ranges  0x0000000000000c18      0x220 ./Drivers/STM32F4xx_HAL_Driver/Src/stm32f4xx_hal_uart.o

.debug_frame    0x0000000000000000     0x4414
 .debug_frame   0x0000000000000000       0xf4 ./Core/Src/main.o
 .debug_frame   0x00000000000000f4       0xf0 ./Core/Src/stm32f4xx_hal_msp.o
 .debug_frame   0x00000000000001e4      0x104 ./Core/Src/stm32f4xx_it.o
 .debug_frame   0x00000000000002e8       0x34 ./Core/Src/sysmem.o
 .debug_frame   0x000000000000031c       0x58 ./Core/Src/system_stm32f4xx.o
 .debug_frame   0x0000000000000374      0xda4 ./Core/Src/tft.o
 .debug_frame   0x0000000000001118      0x374 ./Drivers/STM32F4xx_HAL_Driver/Src/stm32f4xx_hal.o
 .debug_frame   0x000000000000148c      0x498 ./Drivers/STM32F4xx_HAL_Driver/Src/stm32f4xx_hal_cortex.o
 .debug_frame   0x0000000000001924      0x14c ./Drivers/STM32F4xx_HAL_Driver/Src/stm32f4xx_hal_gpio.o
 .debug_frame   0x0000000000001a70      0x1f0 ./Drivers/STM32F4xx_HAL_Driver/Src/stm32f4xx_hal_rcc.o
 .debug_frame   0x0000000000001c60      0x1e8 ./Drivers/STM32F4xx_HAL_Driver/Src/stm32f4xx_hal_rcc_ex.o
 .debug_frame   0x0000000000001e48     0x11c4 ./Drivers/STM32F4xx_HAL_Driver/Src/stm32f4xx_hal_tim.o
 .debug_frame   0x000000000000300c      0x638 ./Drivers/STM32F4xx_HAL_Driver/Src/stm32f4xx_hal_tim_ex.o
 .debug_frame   0x0000000000003644      0x92c ./Drivers/STM32F4xx_HAL_Driver/Src/stm32f4xx_hal_uart.o
 .debug_frame   0x0000000000003f70       0x20 c:/st/stm32cubeide_1.4.0/stm32cubeide/plugins/com.st.stm32cube.ide.mcu.externaltools.gnu-tools-for-stm32.9-2020-q2-update.win32_2.0.0.202105311346/tools/bin/../lib/gcc/arm-none-eabi/9.3.1/../../../../arm-none-eabi/lib/thumb/v7e-m+fp/hard\libc_nano.a(lib_a-errno.o)
 .debug_frame   0x0000000000003f90       0x2c c:/st/stm32cubeide_1.4.0/stm32cubeide/plugins/com.st.stm32cube.ide.mcu.externaltools.gnu-tools-for-stm32.9-2020-q2-update.win32_2.0.0.202105311346/tools/bin/../lib/gcc/arm-none-eabi/9.3.1/../../../../arm-none-eabi/lib/thumb/v7e-m+fp/hard\libc_nano.a(lib_a-init.o)
 .debug_frame   0x0000000000003fbc       0x20 c:/st/stm32cubeide_1.4.0/stm32cubeide/plugins/com.st.stm32cube.ide.mcu.externaltools.gnu-tools-for-stm32.9-2020-q2-update.win32_2.0.0.202105311346/tools/bin/../lib/gcc/arm-none-eabi/9.3.1/../../../../arm-none-eabi/lib/thumb/v7e-m+fp/hard\libc_nano.a(lib_a-memset.o)
 .debug_frame   0x0000000000003fdc       0x6c c:/st/stm32cubeide_1.4.0/stm32cubeide/plugins/com.st.stm32cube.ide.mcu.externaltools.gnu-tools-for-stm32.9-2020-q2-update.win32_2.0.0.202105311346/tools/bin/../lib/gcc/arm-none-eabi/9.3.1/../../../../arm-none-eabi/lib/thumb/v7e-m+fp/hard\libc_nano.a(lib_a-sprintf.o)
 .debug_frame   0x0000000000004048       0x90 c:/st/stm32cubeide_1.4.0/stm32cubeide/plugins/com.st.stm32cube.ide.mcu.externaltools.gnu-tools-for-stm32.9-2020-q2-update.win32_2.0.0.202105311346/tools/bin/../lib/gcc/arm-none-eabi/9.3.1/../../../../arm-none-eabi/lib/thumb/v7e-m+fp/hard\libc_nano.a(lib_a-nano-svfprintf.o)
 .debug_frame   0x00000000000040d8       0x60 c:/st/stm32cubeide_1.4.0/stm32cubeide/plugins/com.st.stm32cube.ide.mcu.externaltools.gnu-tools-for-stm32.9-2020-q2-update.win32_2.0.0.202105311346/tools/bin/../lib/gcc/arm-none-eabi/9.3.1/../../../../arm-none-eabi/lib/thumb/v7e-m+fp/hard\libc_nano.a(lib_a-nano-vfprintf_i.o)
 .debug_frame   0x0000000000004138       0x28 c:/st/stm32cubeide_1.4.0/stm32cubeide/plugins/com.st.stm32cube.ide.mcu.externaltools.gnu-tools-for-stm32.9-2020-q2-update.win32_2.0.0.202105311346/tools/bin/../lib/gcc/arm-none-eabi/9.3.1/../../../../arm-none-eabi/lib/thumb/v7e-m+fp/hard\libc_nano.a(lib_a-memcpy-stub.o)
 .debug_frame   0x0000000000004160       0x28 c:/st/stm32cubeide_1.4.0/stm32cubeide/plugins/com.st.stm32cube.ide.mcu.externaltools.gnu-tools-for-stm32.9-2020-q2-update.win32_2.0.0.202105311346/tools/bin/../lib/gcc/arm-none-eabi/9.3.1/../../../../arm-none-eabi/lib/thumb/v7e-m+fp/hard\libc_nano.a(lib_a-memmove.o)
 .debug_frame   0x0000000000004188       0x38 c:/st/stm32cubeide_1.4.0/stm32cubeide/plugins/com.st.stm32cube.ide.mcu.externaltools.gnu-tools-for-stm32.9-2020-q2-update.win32_2.0.0.202105311346/tools/bin/../lib/gcc/arm-none-eabi/9.3.1/../../../../arm-none-eabi/lib/thumb/v7e-m+fp/hard\libc_nano.a(lib_a-nano-freer.o)
 .debug_frame   0x00000000000041c0       0x30 c:/st/stm32cubeide_1.4.0/stm32cubeide/plugins/com.st.stm32cube.ide.mcu.externaltools.gnu-tools-for-stm32.9-2020-q2-update.win32_2.0.0.202105311346/tools/bin/../lib/gcc/arm-none-eabi/9.3.1/../../../../arm-none-eabi/lib/thumb/v7e-m+fp/hard\libc_nano.a(lib_a-nano-mallocr.o)
 .debug_frame   0x00000000000041f0       0x3c c:/st/stm32cubeide_1.4.0/stm32cubeide/plugins/com.st.stm32cube.ide.mcu.externaltools.gnu-tools-for-stm32.9-2020-q2-update.win32_2.0.0.202105311346/tools/bin/../lib/gcc/arm-none-eabi/9.3.1/../../../../arm-none-eabi/lib/thumb/v7e-m+fp/hard\libc_nano.a(lib_a-nano-reallocr.o)
 .debug_frame   0x000000000000422c       0x2c c:/st/stm32cubeide_1.4.0/stm32cubeide/plugins/com.st.stm32cube.ide.mcu.externaltools.gnu-tools-for-stm32.9-2020-q2-update.win32_2.0.0.202105311346/tools/bin/../lib/gcc/arm-none-eabi/9.3.1/../../../../arm-none-eabi/lib/thumb/v7e-m+fp/hard\libc_nano.a(lib_a-sbrkr.o)
 .debug_frame   0x0000000000004258       0x30 c:/st/stm32cubeide_1.4.0/stm32cubeide/plugins/com.st.stm32cube.ide.mcu.externaltools.gnu-tools-for-stm32.9-2020-q2-update.win32_2.0.0.202105311346/tools/bin/../lib/gcc/arm-none-eabi/9.3.1/../../../../arm-none-eabi/lib/thumb/v7e-m+fp/hard\libc_nano.a(lib_a-mlock.o)
 .debug_frame   0x0000000000004288       0x20 c:/st/stm32cubeide_1.4.0/stm32cubeide/plugins/com.st.stm32cube.ide.mcu.externaltools.gnu-tools-for-stm32.9-2020-q2-update.win32_2.0.0.202105311346/tools/bin/../lib/gcc/arm-none-eabi/9.3.1/../../../../arm-none-eabi/lib/thumb/v7e-m+fp/hard\libc_nano.a(lib_a-nano-msizer.o)
 .debug_frame   0x00000000000042a8       0x5c c:/st/stm32cubeide_1.4.0/stm32cubeide/plugins/com.st.stm32cube.ide.mcu.externaltools.gnu-tools-for-stm32.9-2020-q2-update.win32_2.0.0.202105311346/tools/bin/../lib/gcc/arm-none-eabi/9.3.1/../../../../arm-none-eabi/lib/thumb/v7e-m+fp/hard\libc_nano.a(lib_a-reent.o)
 .debug_frame   0x0000000000004304       0xb0 c:/st/stm32cubeide_1.4.0/stm32cubeide/plugins/com.st.stm32cube.ide.mcu.externaltools.gnu-tools-for-stm32.9-2020-q2-update.win32_2.0.0.202105311346/tools/bin/../lib/gcc/arm-none-eabi/9.3.1/../../../../arm-none-eabi/lib/thumb/v7e-m+fp/hard\libc_nano.a(lib_a-lock.o)
 .debug_frame   0x00000000000043b4       0x2c c:/st/stm32cubeide_1.4.0/stm32cubeide/plugins/com.st.stm32cube.ide.mcu.externaltools.gnu-tools-for-stm32.9-2020-q2-update.win32_2.0.0.202105311346/tools/bin/../lib/gcc/arm-none-eabi/9.3.1/thumb/v7e-m+fp/hard\libgcc.a(_aeabi_uldivmod.o)
 .debug_frame   0x00000000000043e0       0x34 c:/st/stm32cubeide_1.4.0/stm32cubeide/plugins/com.st.stm32cube.ide.mcu.externaltools.gnu-tools-for-stm32.9-2020-q2-update.win32_2.0.0.202105311346/tools/bin/../lib/gcc/arm-none-eabi/9.3.1/thumb/v7e-m+fp/hard\libgcc.a(_udivmoddi4.o)
